../Drivers/STM32F3xx_HAL_Driver/Src/stm32f3xx_hal_i2c_ex.c:96:19:HAL_I2CEx_ConfigAnalogFilter	8	static
../Drivers/STM32F3xx_HAL_Driver/Src/stm32f3xx_hal_i2c_ex.c:140:19:HAL_I2CEx_ConfigDigitalFilter	8	static
../Drivers/STM32F3xx_HAL_Driver/Src/stm32f3xx_hal_i2c_ex.c:208:19:HAL_I2CEx_EnableWakeUp	0	static
../Drivers/STM32F3xx_HAL_Driver/Src/stm32f3xx_hal_i2c_ex.c:247:19:HAL_I2CEx_DisableWakeUp	0	static
../Drivers/STM32F3xx_HAL_Driver/Src/stm32f3xx_hal_i2c_ex.c:312:6:HAL_I2CEx_EnableFastModePlus	8	static
../Drivers/STM32F3xx_HAL_Driver/Src/stm32f3xx_hal_i2c_ex.c:339:6:HAL_I2CEx_DisableFastModePlus	8	static
