../Drivers/STM32F3xx_HAL_Driver/Src/stm32f3xx_hal_rtc_ex.c:153:19:HAL_RTCEx_SetTimeStamp	0	static
../Drivers/STM32F3xx_HAL_Driver/Src/stm32f3xx_hal_rtc_ex.c:223:19:HAL_RTCEx_SetTimeStamp_IT	0	static
../Drivers/STM32F3xx_HAL_Driver/Src/stm32f3xx_hal_rtc_ex.c:287:19:HAL_RTCEx_DeactivateTimeStamp	0	static
../Drivers/STM32F3xx_HAL_Driver/Src/stm32f3xx_hal_rtc_ex.c:331:19:HAL_RTCEx_GetTimeStamp	24	static
../Drivers/STM32F3xx_HAL_Driver/Src/stm32f3xx_hal_rtc_ex.c:384:19:HAL_RTCEx_SetTamper	12	static
../Drivers/STM32F3xx_HAL_Driver/Src/stm32f3xx_hal_rtc_ex.c:458:19:HAL_RTCEx_SetTamper_IT	12	static
../Drivers/STM32F3xx_HAL_Driver/Src/stm32f3xx_hal_rtc_ex.c:541:19:HAL_RTCEx_DeactivateTamper	0	static
../Drivers/STM32F3xx_HAL_Driver/Src/stm32f3xx_hal_rtc_ex.c:657:13:HAL_RTCEx_TimeStampEventCallback	0	static
../Drivers/STM32F3xx_HAL_Driver/Src/stm32f3xx_hal_rtc_ex.c:673:13:HAL_RTCEx_Tamper1EventCallback	0	static
../Drivers/STM32F3xx_HAL_Driver/Src/stm32f3xx_hal_rtc_ex.c:689:13:HAL_RTCEx_Tamper2EventCallback	0	static
../Drivers/STM32F3xx_HAL_Driver/Src/stm32f3xx_hal_rtc_ex.c:706:13:HAL_RTCEx_Tamper3EventCallback	0	static
../Drivers/STM32F3xx_HAL_Driver/Src/stm32f3xx_hal_rtc_ex.c:567:6:HAL_RTCEx_TamperTimeStampIRQHandler	8	static
../Drivers/STM32F3xx_HAL_Driver/Src/stm32f3xx_hal_rtc_ex.c:724:19:HAL_RTCEx_PollForTimeStampEvent	16	static
../Drivers/STM32F3xx_HAL_Driver/Src/stm32f3xx_hal_rtc_ex.c:767:19:HAL_RTCEx_PollForTamper1Event	16	static
../Drivers/STM32F3xx_HAL_Driver/Src/stm32f3xx_hal_rtc_ex.c:803:19:HAL_RTCEx_PollForTamper2Event	16	static
../Drivers/STM32F3xx_HAL_Driver/Src/stm32f3xx_hal_rtc_ex.c:840:19:HAL_RTCEx_PollForTamper3Event	16	static
../Drivers/STM32F3xx_HAL_Driver/Src/stm32f3xx_hal_rtc_ex.c:893:19:HAL_RTCEx_SetWakeUpTimer	24	static
../Drivers/STM32F3xx_HAL_Driver/Src/stm32f3xx_hal_rtc_ex.c:989:19:HAL_RTCEx_SetWakeUpTimer_IT	24	static
../Drivers/STM32F3xx_HAL_Driver/Src/stm32f3xx_hal_rtc_ex.c:1090:19:HAL_RTCEx_DeactivateWakeUpTimer	16	static
../Drivers/STM32F3xx_HAL_Driver/Src/stm32f3xx_hal_rtc_ex.c:1145:10:HAL_RTCEx_GetWakeUpTimer	0	static
../Drivers/STM32F3xx_HAL_Driver/Src/stm32f3xx_hal_rtc_ex.c:1191:13:HAL_RTCEx_WakeUpTimerEventCallback	0	static
../Drivers/STM32F3xx_HAL_Driver/Src/stm32f3xx_hal_rtc_ex.c:1162:6:HAL_RTCEx_WakeUpTimerIRQHandler	8	static
../Drivers/STM32F3xx_HAL_Driver/Src/stm32f3xx_hal_rtc_ex.c:1208:19:HAL_RTCEx_PollForWakeUpTimerEvent	16	static
../Drivers/STM32F3xx_HAL_Driver/Src/stm32f3xx_hal_rtc_ex.c:1277:6:HAL_RTCEx_BKUPWrite	0	static
../Drivers/STM32F3xx_HAL_Driver/Src/stm32f3xx_hal_rtc_ex.c:1303:10:HAL_RTCEx_BKUPRead	0	static
../Drivers/STM32F3xx_HAL_Driver/Src/stm32f3xx_hal_rtc_ex.c:1337:19:HAL_RTCEx_SetSmoothCalib	24	static
../Drivers/STM32F3xx_HAL_Driver/Src/stm32f3xx_hal_rtc_ex.c:1409:19:HAL_RTCEx_SetSynchroShift	24	static
../Drivers/STM32F3xx_HAL_Driver/Src/stm32f3xx_hal_rtc_ex.c:1504:19:HAL_RTCEx_SetCalibrationOutPut	0	static
../Drivers/STM32F3xx_HAL_Driver/Src/stm32f3xx_hal_rtc_ex.c:1543:19:HAL_RTCEx_DeactivateCalibrationOutPut	0	static
../Drivers/STM32F3xx_HAL_Driver/Src/stm32f3xx_hal_rtc_ex.c:1573:19:HAL_RTCEx_SetRefClock	16	static
../Drivers/STM32F3xx_HAL_Driver/Src/stm32f3xx_hal_rtc_ex.c:1617:19:HAL_RTCEx_DeactivateRefClock	16	static
../Drivers/STM32F3xx_HAL_Driver/Src/stm32f3xx_hal_rtc_ex.c:1663:19:HAL_RTCEx_EnableBypassShadow	0	static
../Drivers/STM32F3xx_HAL_Driver/Src/stm32f3xx_hal_rtc_ex.c:1696:19:HAL_RTCEx_DisableBypassShadow	0	static
../Drivers/STM32F3xx_HAL_Driver/Src/stm32f3xx_hal_rtc_ex.c:1746:13:HAL_RTCEx_AlarmBEventCallback	0	static
../Drivers/STM32F3xx_HAL_Driver/Src/stm32f3xx_hal_rtc_ex.c:1763:19:HAL_RTCEx_PollForAlarmBEvent	16	static
