../Drivers/STM32F3xx_HAL_Driver/Src/stm32f3xx_ll_usb.c:64:19:USB_CoreInit	0	static
../Drivers/STM32F3xx_HAL_Driver/Src/stm32f3xx_ll_usb.c:84:19:USB_EnableGlobalInt	0	static
../Drivers/STM32F3xx_HAL_Driver/Src/stm32f3xx_ll_usb.c:109:19:USB_DisableGlobalInt	0	static
../Drivers/STM32F3xx_HAL_Driver/Src/stm32f3xx_ll_usb.c:133:19:USB_SetCurrentMode	0	static
../Drivers/STM32F3xx_HAL_Driver/Src/stm32f3xx_ll_usb.c:154:19:USB_DevInit	8	static
../Drivers/STM32F3xx_HAL_Driver/Src/stm32f3xx_ll_usb.c:182:19:USB_ActivateEndpoint	24	static
../Drivers/STM32F3xx_HAL_Driver/Src/stm32f3xx_ll_usb.c:315:19:USB_DeactivateEndpoint	0	static
../Drivers/STM32F3xx_HAL_Driver/Src/stm32f3xx_ll_usb.c:594:19:USB_EPSetStall	0	static
../Drivers/STM32F3xx_HAL_Driver/Src/stm32f3xx_ll_usb.c:614:19:USB_EPClearStall	0	static
../Drivers/STM32F3xx_HAL_Driver/Src/stm32f3xx_ll_usb.c:646:19:USB_EPStopXfer	0	static
../Drivers/STM32F3xx_HAL_Driver/Src/stm32f3xx_ll_usb.c:691:19:USB_StopDevice	0	static
../Drivers/STM32F3xx_HAL_Driver/Src/stm32f3xx_ll_usb.c:712:20:USB_SetDevAddress	0	static
../Drivers/STM32F3xx_HAL_Driver/Src/stm32f3xx_ll_usb.c:728:20:USB_DevConnect	0	static
../Drivers/STM32F3xx_HAL_Driver/Src/stm32f3xx_ll_usb.c:746:20:USB_DevDisconnect	0	static
../Drivers/STM32F3xx_HAL_Driver/Src/stm32f3xx_ll_usb.c:764:10:USB_ReadInterrupts	0	static
../Drivers/STM32F3xx_HAL_Driver/Src/stm32f3xx_ll_usb.c:777:19:USB_ActivateRemoteWakeup	0	static
../Drivers/STM32F3xx_HAL_Driver/Src/stm32f3xx_ll_usb.c:789:19:USB_DeActivateRemoteWakeup	0	static
../Drivers/STM32F3xx_HAL_Driver/Src/stm32f3xx_ll_usb.c:804:6:USB_WritePMA	0	static
../Drivers/STM32F3xx_HAL_Driver/Src/stm32f3xx_ll_usb.c:374:19:USB_EPStartXfer	24	static
../Drivers/STM32F3xx_HAL_Driver/Src/stm32f3xx_ll_usb.c:839:6:USB_ReadPMA	20	static
