../Drivers/STM32F3xx_HAL_Driver/Src/stm32f3xx_hal_can.c:506:13:HAL_CAN_MspInit	0	static
../Drivers/STM32F3xx_HAL_Driver/Src/stm32f3xx_hal_can.c:274:19:HAL_CAN_Init	16	static
../Drivers/STM32F3xx_HAL_Driver/Src/stm32f3xx_hal_can.c:522:13:HAL_CAN_MspDeInit	0	static
../Drivers/STM32F3xx_HAL_Driver/Src/stm32f3xx_hal_can.c:839:19:HAL_CAN_ConfigFilter	16	static
../Drivers/STM32F3xx_HAL_Driver/Src/stm32f3xx_hal_can.c:989:19:HAL_CAN_Start	16	static
../Drivers/STM32F3xx_HAL_Driver/Src/stm32f3xx_hal_can.c:1041:19:HAL_CAN_Stop	16	static
../Drivers/STM32F3xx_HAL_Driver/Src/stm32f3xx_hal_can.c:459:19:HAL_CAN_DeInit	8	static
../Drivers/STM32F3xx_HAL_Driver/Src/stm32f3xx_hal_can.c:1096:19:HAL_CAN_RequestSleep	0	static
../Drivers/STM32F3xx_HAL_Driver/Src/stm32f3xx_hal_can.c:1127:19:HAL_CAN_WakeUp	8	static
../Drivers/STM32F3xx_HAL_Driver/Src/stm32f3xx_hal_can.c:1176:10:HAL_CAN_IsSleepActive	0	static
../Drivers/STM32F3xx_HAL_Driver/Src/stm32f3xx_hal_can.c:1207:19:HAL_CAN_AddTxMessage	20	static
../Drivers/STM32F3xx_HAL_Driver/Src/stm32f3xx_hal_can.c:1307:19:HAL_CAN_AbortTxRequest	0	static
../Drivers/STM32F3xx_HAL_Driver/Src/stm32f3xx_hal_can.c:1356:10:HAL_CAN_GetTxMailboxesFreeLevel	0	static
../Drivers/STM32F3xx_HAL_Driver/Src/stm32f3xx_hal_can.c:1399:10:HAL_CAN_IsTxMessagePending	0	static
../Drivers/STM32F3xx_HAL_Driver/Src/stm32f3xx_hal_can.c:1431:10:HAL_CAN_GetTxTimestamp	0	static,ignoring_inline_asm
../Drivers/STM32F3xx_HAL_Driver/Src/stm32f3xx_hal_can.c:1465:19:HAL_CAN_GetRxMessage	20	static
../Drivers/STM32F3xx_HAL_Driver/Src/stm32f3xx_hal_can.c:1565:10:HAL_CAN_GetRxFifoFillLevel	0	static
../Drivers/STM32F3xx_HAL_Driver/Src/stm32f3xx_hal_can.c:1618:19:HAL_CAN_ActivateNotification	0	static
../Drivers/STM32F3xx_HAL_Driver/Src/stm32f3xx_hal_can.c:1651:19:HAL_CAN_DeactivateNotification	0	static
../Drivers/STM32F3xx_HAL_Driver/Src/stm32f3xx_hal_can.c:2093:13:HAL_CAN_TxMailbox0CompleteCallback	0	static
../Drivers/STM32F3xx_HAL_Driver/Src/stm32f3xx_hal_can.c:2110:13:HAL_CAN_TxMailbox1CompleteCallback	0	static
../Drivers/STM32F3xx_HAL_Driver/Src/stm32f3xx_hal_can.c:2127:13:HAL_CAN_TxMailbox2CompleteCallback	0	static
../Drivers/STM32F3xx_HAL_Driver/Src/stm32f3xx_hal_can.c:2144:13:HAL_CAN_TxMailbox0AbortCallback	0	static
../Drivers/STM32F3xx_HAL_Driver/Src/stm32f3xx_hal_can.c:2161:13:HAL_CAN_TxMailbox1AbortCallback	0	static
../Drivers/STM32F3xx_HAL_Driver/Src/stm32f3xx_hal_can.c:2178:13:HAL_CAN_TxMailbox2AbortCallback	0	static
../Drivers/STM32F3xx_HAL_Driver/Src/stm32f3xx_hal_can.c:2195:13:HAL_CAN_RxFifo0MsgPendingCallback	0	static
../Drivers/STM32F3xx_HAL_Driver/Src/stm32f3xx_hal_can.c:2212:13:HAL_CAN_RxFifo0FullCallback	0	static
../Drivers/STM32F3xx_HAL_Driver/Src/stm32f3xx_hal_can.c:2229:13:HAL_CAN_RxFifo1MsgPendingCallback	0	static
../Drivers/STM32F3xx_HAL_Driver/Src/stm32f3xx_hal_can.c:2246:13:HAL_CAN_RxFifo1FullCallback	0	static
../Drivers/STM32F3xx_HAL_Driver/Src/stm32f3xx_hal_can.c:2263:13:HAL_CAN_SleepCallback	0	static
../Drivers/STM32F3xx_HAL_Driver/Src/stm32f3xx_hal_can.c:2279:13:HAL_CAN_WakeUpFromRxMsgCallback	0	static
../Drivers/STM32F3xx_HAL_Driver/Src/stm32f3xx_hal_can.c:2296:13:HAL_CAN_ErrorCallback	0	static
../Drivers/STM32F3xx_HAL_Driver/Src/stm32f3xx_hal_can.c:1682:6:HAL_CAN_IRQHandler	40	static
../Drivers/STM32F3xx_HAL_Driver/Src/stm32f3xx_hal_can.c:2333:22:HAL_CAN_GetState	0	static
../Drivers/STM32F3xx_HAL_Driver/Src/stm32f3xx_hal_can.c:2368:10:HAL_CAN_GetError	0	static
../Drivers/STM32F3xx_HAL_Driver/Src/stm32f3xx_hal_can.c:2380:19:HAL_CAN_ResetError	0	static
