../Drivers/STM32F3xx_HAL_Driver/Src/stm32f3xx_hal_cortex.c:168:6:HAL_NVIC_SetPriorityGrouping	0	static
../Drivers/STM32F3xx_HAL_Driver/Src/stm32f3xx_hal_cortex.c:190:6:HAL_NVIC_SetPriority	12	static
../Drivers/STM32F3xx_HAL_Driver/Src/stm32f3xx_hal_cortex.c:212:6:HAL_NVIC_EnableIRQ	0	static
../Drivers/STM32F3xx_HAL_Driver/Src/stm32f3xx_hal_cortex.c:228:6:HAL_NVIC_DisableIRQ	0	static,ignoring_inline_asm
../Drivers/STM32F3xx_HAL_Driver/Src/stm32f3xx_hal_cortex.c:241:6:HAL_NVIC_SystemReset	0	static,ignoring_inline_asm
../Drivers/STM32F3xx_HAL_Driver/Src/stm32f3xx_hal_cortex.c:254:10:HAL_SYSTICK_Config	0	static
../Drivers/STM32F3xx_HAL_Driver/Src/stm32f3xx_hal_cortex.c:284:6:HAL_MPU_Disable	0	static
../Drivers/STM32F3xx_HAL_Driver/Src/stm32f3xx_hal_cortex.c:304:6:HAL_MPU_Enable	0	static
../Drivers/STM32F3xx_HAL_Driver/Src/stm32f3xx_hal_cortex.c:319:6:HAL_MPU_ConfigRegion	8	static
../Drivers/STM32F3xx_HAL_Driver/Src/stm32f3xx_hal_cortex.c:363:10:HAL_NVIC_GetPriorityGrouping	0	static
../Drivers/STM32F3xx_HAL_Driver/Src/stm32f3xx_hal_cortex.c:390:6:HAL_NVIC_GetPriority	16	static
../Drivers/STM32F3xx_HAL_Driver/Src/stm32f3xx_hal_cortex.c:405:6:HAL_NVIC_SetPendingIRQ	0	static
../Drivers/STM32F3xx_HAL_Driver/Src/stm32f3xx_hal_cortex.c:420:10:HAL_NVIC_GetPendingIRQ	0	static
../Drivers/STM32F3xx_HAL_Driver/Src/stm32f3xx_hal_cortex.c:433:6:HAL_NVIC_ClearPendingIRQ	0	static
../Drivers/STM32F3xx_HAL_Driver/Src/stm32f3xx_hal_cortex.c:447:10:HAL_NVIC_GetActive	0	static
../Drivers/STM32F3xx_HAL_Driver/Src/stm32f3xx_hal_cortex.c:461:6:HAL_SYSTICK_CLKSourceConfig	0	static
../Drivers/STM32F3xx_HAL_Driver/Src/stm32f3xx_hal_cortex.c:488:13:HAL_SYSTICK_Callback	0	static
../Drivers/STM32F3xx_HAL_Driver/Src/stm32f3xx_hal_cortex.c:479:6:HAL_SYSTICK_IRQHandler	8	static
