stm32f3xx_hal_uart.c:3316:13:UART_EndRxTransfer	0	static,ignoring_inline_asm
stm32f3xx_hal_uart.c:3711:13:UART_TxISR_8BIT.part.0	0	static,ignoring_inline_asm
stm32f3xx_hal_uart.c:3711:13:UART_TxISR_8BIT	0	static
stm32f3xx_hal_uart.c:3740:13:UART_TxISR_16BIT	0	static
stm32f3xx_hal_uart.c:652:13:HAL_UART_MspInit	0	static
stm32f3xx_hal_uart.c:667:13:HAL_UART_MspDeInit	0	static
stm32f3xx_hal_uart.c:606:19:HAL_UART_DeInit	16	static
stm32f3xx_hal_uart.c:1251:19:HAL_UART_Transmit_IT	0	static,ignoring_inline_asm
stm32f3xx_hal_uart.c:1344:19:HAL_UART_Transmit_DMA	24	static,ignoring_inline_asm
stm32f3xx_hal_uart.c:1455:19:HAL_UART_DMAPause	8	static,ignoring_inline_asm
stm32f3xx_hal_uart.c:1489:19:HAL_UART_DMAResume	0	static,ignoring_inline_asm
stm32f3xx_hal_uart.c:1521:19:HAL_UART_DMAStop	16	static,ignoring_inline_asm
stm32f3xx_hal_uart.c:1596:19:HAL_UART_Abort	8	static,ignoring_inline_asm
stm32f3xx_hal_uart.c:1691:19:HAL_UART_AbortTransmit	8	static,ignoring_inline_asm
stm32f3xx_hal_uart.c:1743:19:HAL_UART_AbortReceive	8	static,ignoring_inline_asm
stm32f3xx_hal_uart.c:2423:13:HAL_UART_TxCpltCallback	0	static
stm32f3xx_hal_uart.c:3342:13:UART_DMATransmitCplt	8	static,ignoring_inline_asm
stm32f3xx_hal_uart.c:2438:13:HAL_UART_TxHalfCpltCallback	0	static
stm32f3xx_hal_uart.c:3376:13:UART_DMATxHalfCplt	8	static
stm32f3xx_hal_uart.c:2453:13:HAL_UART_RxCpltCallback	0	static
stm32f3xx_hal_uart.c:2468:13:HAL_UART_RxHalfCpltCallback	0	static
stm32f3xx_hal_uart.c:2483:13:HAL_UART_ErrorCallback	0	static
stm32f3xx_hal_uart.c:3485:13:UART_DMAError	8	static,ignoring_inline_asm
stm32f3xx_hal_uart.c:3525:13:UART_DMAAbortOnError	8	static
stm32f3xx_hal_uart.c:2498:13:HAL_UART_AbortCpltCallback	0	static
stm32f3xx_hal_uart.c:1810:19:HAL_UART_Abort_IT	16	static,ignoring_inline_asm
stm32f3xx_hal_uart.c:3598:13:UART_DMARxAbortCallback	8	static
stm32f3xx_hal_uart.c:3548:13:UART_DMATxAbortCallback	8	static
stm32f3xx_hal_uart.c:2513:13:HAL_UART_AbortTransmitCpltCallback	0	static
stm32f3xx_hal_uart.c:1956:19:HAL_UART_AbortTransmit_IT	8	static,ignoring_inline_asm
stm32f3xx_hal_uart.c:3650:13:UART_DMATxOnlyAbortCallback	8	static
stm32f3xx_hal_uart.c:2528:13:HAL_UART_AbortReceiveCpltCallback	0	static
stm32f3xx_hal_uart.c:2040:19:HAL_UART_AbortReceive_IT	8	static,ignoring_inline_asm
stm32f3xx_hal_uart.c:3678:13:UART_DMARxOnlyAbortCallback	8	static
stm32f3xx_hal_uart.c:2545:13:HAL_UARTEx_RxEventCallback	0	static
stm32f3xx_hal_uart.c:2132:6:HAL_UART_IRQHandler	16	static,ignoring_inline_asm
stm32f3xx_hal_uart.c:3797:13:UART_RxISR_8BIT.part.0	8	static,ignoring_inline_asm
stm32f3xx_hal_uart.c:3874:13:UART_RxISR_16BIT	0	static
stm32f3xx_hal_uart.c:3797:13:UART_RxISR_8BIT	4	static
stm32f3xx_hal_uart.c:3451:13:UART_DMARxHalfCplt	8	static
stm32f3xx_hal_uart.c:3394:13:UART_DMAReceiveCplt	8	static,ignoring_inline_asm
stm32f3xx_hal_uart.c:2593:6:HAL_UART_ReceiverTimeout_Config	0	static
stm32f3xx_hal_uart.c:2605:19:HAL_UART_EnableReceiverTimeout	0	static
stm32f3xx_hal_uart.c:2636:19:HAL_UART_DisableReceiverTimeout	0	static
stm32f3xx_hal_uart.c:2707:6:HAL_MultiProcessor_EnterMuteMode	0	static
stm32f3xx_hal_uart.c:2717:19:HAL_HalfDuplex_EnableTransmitter	8	static,ignoring_inline_asm
stm32f3xx_hal_uart.c:2740:19:HAL_HalfDuplex_EnableReceiver	8	static,ignoring_inline_asm
stm32f3xx_hal_uart.c:2764:19:HAL_LIN_SendBreak	0	static
stm32f3xx_hal_uart.c:2809:23:HAL_UART_GetState	0	static
stm32f3xx_hal_uart.c:2825:10:HAL_UART_GetError	0	static
stm32f3xx_hal_uart.c:2869:19:UART_SetConfig	16	static
stm32f3xx_hal_uart.c:3013:6:UART_AdvFeatureConfig	8	static
stm32f3xx_hal_uart.c:3138:19:UART_WaitOnFlagUntilTimeout	24	static,ignoring_inline_asm
stm32f3xx_hal_uart.c:1080:19:HAL_UART_Transmit	40	static
stm32f3xx_hal_uart.c:1165:19:HAL_UART_Receive	40	static
stm32f3xx_hal_uart.c:3087:19:UART_CheckIdleState	32	static
stm32f3xx_hal_uart.c:289:19:HAL_UART_Init	8	static
stm32f3xx_hal_uart.c:362:19:HAL_HalfDuplex_Init	8	static
stm32f3xx_hal_uart.c:435:19:HAL_LIN_Init	16	static
stm32f3xx_hal_uart.c:532:19:HAL_MultiProcessor_Init	16	static
stm32f3xx_hal_uart.c:2667:19:HAL_MultiProcessor_EnableMuteMode	0	static,ignoring_inline_asm
stm32f3xx_hal_uart.c:2687:19:HAL_MultiProcessor_DisableMuteMode	0	static,ignoring_inline_asm
stm32f3xx_hal_uart.c:3200:19:UART_Start_Receive_IT	8	static,ignoring_inline_asm
stm32f3xx_hal_uart.c:1304:19:HAL_UART_Receive_IT	8	static,ignoring_inline_asm
stm32f3xx_hal_uart.c:3244:19:UART_Start_Receive_DMA	16	static,ignoring_inline_asm
stm32f3xx_hal_uart.c:1420:19:HAL_UART_Receive_DMA	8	static,ignoring_inline_asm
