../Drivers/STM32F3xx_HAL_Driver/Src/stm32f3xx_hal_pwr_ex.c:128:6:HAL_PWR_ConfigPVD	0	static
../Drivers/STM32F3xx_HAL_Driver/Src/stm32f3xx_hal_pwr_ex.c:170:6:HAL_PWR_EnablePVD	0	static
../Drivers/STM32F3xx_HAL_Driver/Src/stm32f3xx_hal_pwr_ex.c:179:6:HAL_PWR_DisablePVD	0	static
../Drivers/STM32F3xx_HAL_Driver/Src/stm32f3xx_hal_pwr_ex.c:206:13:HAL_PWR_PVDCallback	0	static
../Drivers/STM32F3xx_HAL_Driver/Src/stm32f3xx_hal_pwr_ex.c:189:6:HAL_PWR_PVD_IRQHandler	8	static
../Drivers/STM32F3xx_HAL_Driver/Src/stm32f3xx_hal_pwr_ex.c:227:6:HAL_PWREx_EnableSDADC	8	static
../Drivers/STM32F3xx_HAL_Driver/Src/stm32f3xx_hal_pwr_ex.c:244:6:HAL_PWREx_DisableSDADC	0	static
