../Drivers/STM32F3xx_HAL_Driver/Src/stm32f3xx_hal_dac.c:430:13:HAL_DAC_MspInit	0	static
../Drivers/STM32F3xx_HAL_Driver/Src/stm32f3xx_hal_dac.c:319:19:HAL_DAC_Init	8	static
../Drivers/STM32F3xx_HAL_Driver/Src/stm32f3xx_hal_dac.c:446:13:HAL_DAC_MspDeInit	0	static
../Drivers/STM32F3xx_HAL_Driver/Src/stm32f3xx_hal_dac.c:384:19:HAL_DAC_DeInit	8	static
../Drivers/STM32F3xx_HAL_Driver/Src/stm32f3xx_hal_dac.c:490:26:HAL_DAC_Start	0	static
../Drivers/STM32F3xx_HAL_Driver/Src/stm32f3xx_hal_dac.c:514:19:HAL_DAC_Stop	8	static
../Drivers/STM32F3xx_HAL_Driver/Src/stm32f3xx_hal_dac.c:540:19:HAL_DAC_Stop_DMA	8	static
../Drivers/STM32F3xx_HAL_Driver/Src/stm32f3xx_hal_dac.c:603:17:HAL_DAC_GetValue	0	static
../Drivers/STM32F3xx_HAL_Driver/Src/stm32f3xx_hal_dac.c:622:17:HAL_DACEx_DualGetValue	0	static
../Drivers/STM32F3xx_HAL_Driver/Src/stm32f3xx_hal_dac.c:669:26:HAL_DAC_ConfigChannel	0	static
../Drivers/STM32F3xx_HAL_Driver/Src/stm32f3xx_hal_dac.c:680:26:HAL_DAC_SetValue	0	static
../Drivers/STM32F3xx_HAL_Driver/Src/stm32f3xx_hal_dac.c:695:26:HAL_DACEx_DualSetValue	0	static
../Drivers/STM32F3xx_HAL_Driver/Src/stm32f3xx_hal_dac.c:737:22:HAL_DAC_GetState	0	static
../Drivers/STM32F3xx_HAL_Driver/Src/stm32f3xx_hal_dac.c:749:10:HAL_DAC_GetError	0	static
../Drivers/STM32F3xx_HAL_Driver/Src/stm32f3xx_hal_dac.c:768:13:HAL_DAC_ConvCpltCallbackCh1	0	static
../Drivers/STM32F3xx_HAL_Driver/Src/stm32f3xx_hal_dac.c:784:13:HAL_DAC_ConvHalfCpltCallbackCh1	0	static
../Drivers/STM32F3xx_HAL_Driver/Src/stm32f3xx_hal_dac.c:800:13:HAL_DAC_ErrorCallbackCh1	0	static
../Drivers/STM32F3xx_HAL_Driver/Src/stm32f3xx_hal_dac.c:817:13:HAL_DAC_DMAUnderrunCallbackCh1	0	static
