../Drivers/STM32F3xx_HAL_Driver/Src/stm32f3xx_hal_pcd.c:249:13:HAL_PCD_MspInit	0	static
../Drivers/STM32F3xx_HAL_Driver/Src/stm32f3xx_hal_pcd.c:124:19:HAL_PCD_Init	48	static
../Drivers/STM32F3xx_HAL_Driver/Src/stm32f3xx_hal_pcd.c:264:13:HAL_PCD_MspDeInit	0	static
../Drivers/STM32F3xx_HAL_Driver/Src/stm32f3xx_hal_pcd.c:210:19:HAL_PCD_DeInit	16	static
../Drivers/STM32F3xx_HAL_Driver/Src/stm32f3xx_hal_pcd.c:822:19:HAL_PCD_Start	16	static
../Drivers/STM32F3xx_HAL_Driver/Src/stm32f3xx_hal_pcd.c:840:19:HAL_PCD_Stop	8	static
../Drivers/STM32F3xx_HAL_Driver/Src/stm32f3xx_hal_pcd.c:964:6:HAL_PCD_WKUP_IRQHandler	0	static
../Drivers/STM32F3xx_HAL_Driver/Src/stm32f3xx_hal_pcd.c:977:13:HAL_PCD_DataOutStageCallback	0	static
../Drivers/STM32F3xx_HAL_Driver/Src/stm32f3xx_hal_pcd.c:994:13:HAL_PCD_DataInStageCallback	0	static
../Drivers/STM32F3xx_HAL_Driver/Src/stm32f3xx_hal_pcd.c:1009:13:HAL_PCD_SetupStageCallback	0	static
../Drivers/STM32F3xx_HAL_Driver/Src/stm32f3xx_hal_pcd.c:1024:13:HAL_PCD_SOFCallback	0	static
../Drivers/STM32F3xx_HAL_Driver/Src/stm32f3xx_hal_pcd.c:1039:13:HAL_PCD_ResetCallback	0	static
../Drivers/STM32F3xx_HAL_Driver/Src/stm32f3xx_hal_pcd.c:1054:13:HAL_PCD_SuspendCallback	0	static
../Drivers/STM32F3xx_HAL_Driver/Src/stm32f3xx_hal_pcd.c:1069:13:HAL_PCD_ResumeCallback	0	static
../Drivers/STM32F3xx_HAL_Driver/Src/stm32f3xx_hal_pcd.c:1085:13:HAL_PCD_ISOOUTIncompleteCallback	0	static
../Drivers/STM32F3xx_HAL_Driver/Src/stm32f3xx_hal_pcd.c:1102:13:HAL_PCD_ISOINIncompleteCallback	0	static
../Drivers/STM32F3xx_HAL_Driver/Src/stm32f3xx_hal_pcd.c:1118:13:HAL_PCD_ConnectCallback	0	static
../Drivers/STM32F3xx_HAL_Driver/Src/stm32f3xx_hal_pcd.c:1133:13:HAL_PCD_DisconnectCallback	0	static
../Drivers/STM32F3xx_HAL_Driver/Src/stm32f3xx_hal_pcd.c:1167:19:HAL_PCD_DevConnect	8	static
../Drivers/STM32F3xx_HAL_Driver/Src/stm32f3xx_hal_pcd.c:1184:19:HAL_PCD_DevDisconnect	8	static
../Drivers/STM32F3xx_HAL_Driver/Src/stm32f3xx_hal_pcd.c:1202:19:HAL_PCD_SetAddress	8	static
../Drivers/STM32F3xx_HAL_Driver/Src/stm32f3xx_hal_pcd.c:859:6:HAL_PCD_IRQHandler	48	static
../Drivers/STM32F3xx_HAL_Driver/Src/stm32f3xx_hal_pcd.c:1219:19:HAL_PCD_EP_Open	16	static
../Drivers/STM32F3xx_HAL_Driver/Src/stm32f3xx_hal_pcd.c:1259:19:HAL_PCD_EP_Close	8	static
../Drivers/STM32F3xx_HAL_Driver/Src/stm32f3xx_hal_pcd.c:1290:19:HAL_PCD_EP_Receive	16	static
../Drivers/STM32F3xx_HAL_Driver/Src/stm32f3xx_hal_pcd.c:1314:10:HAL_PCD_EP_GetRxCount	0	static
../Drivers/STM32F3xx_HAL_Driver/Src/stm32f3xx_hal_pcd.c:1326:19:HAL_PCD_EP_Transmit	16	static
../Drivers/STM32F3xx_HAL_Driver/Src/stm32f3xx_hal_pcd.c:1352:19:HAL_PCD_EP_SetStall	16	static
../Drivers/STM32F3xx_HAL_Driver/Src/stm32f3xx_hal_pcd.c:1390:19:HAL_PCD_EP_ClrStall	16	static
../Drivers/STM32F3xx_HAL_Driver/Src/stm32f3xx_hal_pcd.c:1426:19:HAL_PCD_EP_Abort	0	static
../Drivers/STM32F3xx_HAL_Driver/Src/stm32f3xx_hal_pcd.c:1452:19:HAL_PCD_EP_Flush	0	static
../Drivers/STM32F3xx_HAL_Driver/Src/stm32f3xx_hal_pcd.c:1466:19:HAL_PCD_ActivateRemoteWakeup	0	static
../Drivers/STM32F3xx_HAL_Driver/Src/stm32f3xx_hal_pcd.c:1476:19:HAL_PCD_DeActivateRemoteWakeup	0	static
../Drivers/STM32F3xx_HAL_Driver/Src/stm32f3xx_hal_pcd.c:1505:18:HAL_PCD_GetState	0	static
