../Drivers/STM32F3xx_HAL_Driver/Src/stm32f3xx_hal_sdadc.c:2714:26:SDADC_EnterInitMode	16	static
../Drivers/STM32F3xx_HAL_Driver/Src/stm32f3xx_hal_sdadc.c:2740:13:SDADC_ExitInitMode.isra	0	static
../Drivers/STM32F3xx_HAL_Driver/Src/stm32f3xx_hal_sdadc.c:2941:26:SDADC_InjConvStop	24	static
../Drivers/STM32F3xx_HAL_Driver/Src/stm32f3xx_hal_sdadc.c:2817:26:SDADC_RegConvStop	24	static
../Drivers/STM32F3xx_HAL_Driver/Src/stm32f3xx_hal_sdadc.c:2888:26:SDADC_InjConvStart	8	static
../Drivers/STM32F3xx_HAL_Driver/Src/stm32f3xx_hal_sdadc.c:2774:26:SDADC_RegConvStart	8	static
../Drivers/STM32F3xx_HAL_Driver/Src/stm32f3xx_hal_sdadc.c:461:13:HAL_SDADC_MspInit	0	static
../Drivers/STM32F3xx_HAL_Driver/Src/stm32f3xx_hal_sdadc.c:319:19:HAL_SDADC_Init	8	static
../Drivers/STM32F3xx_HAL_Driver/Src/stm32f3xx_hal_sdadc.c:476:13:HAL_SDADC_MspDeInit	0	static
../Drivers/STM32F3xx_HAL_Driver/Src/stm32f3xx_hal_sdadc.c:412:19:HAL_SDADC_DeInit	16	static
../Drivers/STM32F3xx_HAL_Driver/Src/stm32f3xx_hal_sdadc.c:731:19:HAL_SDADC_PrepareChannelConfig	16	static
../Drivers/STM32F3xx_HAL_Driver/Src/stm32f3xx_hal_sdadc.c:791:19:HAL_SDADC_AssociateChannelConfig	24	static
../Drivers/STM32F3xx_HAL_Driver/Src/stm32f3xx_hal_sdadc.c:851:19:HAL_SDADC_ConfigChannel	12	static
../Drivers/STM32F3xx_HAL_Driver/Src/stm32f3xx_hal_sdadc.c:896:19:HAL_SDADC_InjectedConfigChannel	8	static
../Drivers/STM32F3xx_HAL_Driver/Src/stm32f3xx_hal_sdadc.c:944:19:HAL_SDADC_SelectRegularTrigger	0	static
../Drivers/STM32F3xx_HAL_Driver/Src/stm32f3xx_hal_sdadc.c:984:19:HAL_SDADC_SelectInjectedTrigger	0	static
../Drivers/STM32F3xx_HAL_Driver/Src/stm32f3xx_hal_sdadc.c:1024:19:HAL_SDADC_SelectInjectedExtTrigger	24	static
../Drivers/STM32F3xx_HAL_Driver/Src/stm32f3xx_hal_sdadc.c:1075:19:HAL_SDADC_SelectInjectedDelay	16	static
../Drivers/STM32F3xx_HAL_Driver/Src/stm32f3xx_hal_sdadc.c:1121:19:HAL_SDADC_MultiModeConfigChannel	0	static
../Drivers/STM32F3xx_HAL_Driver/Src/stm32f3xx_hal_sdadc.c:1160:19:HAL_SDADC_InjectedMultiModeConfigChannel	0	static
../Drivers/STM32F3xx_HAL_Driver/Src/stm32f3xx_hal_sdadc.c:1233:19:HAL_SDADC_CalibrationStart	16	static
../Drivers/STM32F3xx_HAL_Driver/Src/stm32f3xx_hal_sdadc.c:1283:19:HAL_SDADC_PollForCalibEvent	16	static
../Drivers/STM32F3xx_HAL_Driver/Src/stm32f3xx_hal_sdadc.c:1334:19:HAL_SDADC_CalibrationStart_IT	16	static
../Drivers/STM32F3xx_HAL_Driver/Src/stm32f3xx_hal_sdadc.c:1387:19:HAL_SDADC_Start	0	static
../Drivers/STM32F3xx_HAL_Driver/Src/stm32f3xx_hal_sdadc.c:1480:19:HAL_SDADC_Stop	0	static
../Drivers/STM32F3xx_HAL_Driver/Src/stm32f3xx_hal_sdadc.c:1510:19:HAL_SDADC_Start_IT	0	static
../Drivers/STM32F3xx_HAL_Driver/Src/stm32f3xx_hal_sdadc.c:1541:19:HAL_SDADC_Stop_IT	0	static
../Drivers/STM32F3xx_HAL_Driver/Src/stm32f3xx_hal_sdadc.c:1576:19:HAL_SDADC_Start_DMA	16	static
../Drivers/STM32F3xx_HAL_Driver/Src/stm32f3xx_hal_sdadc.c:1648:19:HAL_SDADC_Stop_DMA	8	static
../Drivers/STM32F3xx_HAL_Driver/Src/stm32f3xx_hal_sdadc.c:1689:10:HAL_SDADC_GetValue	0	static
../Drivers/STM32F3xx_HAL_Driver/Src/stm32f3xx_hal_sdadc.c:1705:19:HAL_SDADC_InjectedStart	0	static
../Drivers/STM32F3xx_HAL_Driver/Src/stm32f3xx_hal_sdadc.c:1809:19:HAL_SDADC_InjectedStop	0	static
../Drivers/STM32F3xx_HAL_Driver/Src/stm32f3xx_hal_sdadc.c:1839:19:HAL_SDADC_InjectedStart_IT	0	static
../Drivers/STM32F3xx_HAL_Driver/Src/stm32f3xx_hal_sdadc.c:1870:19:HAL_SDADC_InjectedStop_IT	0	static
../Drivers/STM32F3xx_HAL_Driver/Src/stm32f3xx_hal_sdadc.c:1905:19:HAL_SDADC_InjectedStart_DMA	16	static
../Drivers/STM32F3xx_HAL_Driver/Src/stm32f3xx_hal_sdadc.c:1977:19:HAL_SDADC_InjectedStop_DMA	8	static
../Drivers/STM32F3xx_HAL_Driver/Src/stm32f3xx_hal_sdadc.c:2019:10:HAL_SDADC_InjectedGetValue	0	static
../Drivers/STM32F3xx_HAL_Driver/Src/stm32f3xx_hal_sdadc.c:2045:19:HAL_SDADC_MultiModeStart_DMA	16	static
../Drivers/STM32F3xx_HAL_Driver/Src/stm32f3xx_hal_sdadc.c:2130:19:HAL_SDADC_MultiModeStop_DMA	8	static
../Drivers/STM32F3xx_HAL_Driver/Src/stm32f3xx_hal_sdadc.c:2176:10:HAL_SDADC_MultiModeGetValue	0	static
../Drivers/STM32F3xx_HAL_Driver/Src/stm32f3xx_hal_sdadc.c:2201:19:HAL_SDADC_InjectedMultiModeStart_DMA	16	static
../Drivers/STM32F3xx_HAL_Driver/Src/stm32f3xx_hal_sdadc.c:2286:19:HAL_SDADC_InjectedMultiModeStop_DMA	8	static
../Drivers/STM32F3xx_HAL_Driver/Src/stm32f3xx_hal_sdadc.c:2332:10:HAL_SDADC_InjectedMultiModeGetValue	0	static
../Drivers/STM32F3xx_HAL_Driver/Src/stm32f3xx_hal_sdadc.c:2480:13:HAL_SDADC_CalibrationCpltCallback	0	static
../Drivers/STM32F3xx_HAL_Driver/Src/stm32f3xx_hal_sdadc.c:2495:13:HAL_SDADC_ConvHalfCpltCallback	0	static
../Drivers/STM32F3xx_HAL_Driver/Src/stm32f3xx_hal_sdadc.c:2574:13:SDADC_DMARegularHalfConvCplt	8	static
../Drivers/STM32F3xx_HAL_Driver/Src/stm32f3xx_hal_sdadc.c:2512:13:HAL_SDADC_ConvCpltCallback	0	static
../Drivers/STM32F3xx_HAL_Driver/Src/stm32f3xx_hal_sdadc.c:2592:13:SDADC_DMARegularConvCplt	8	static
../Drivers/STM32F3xx_HAL_Driver/Src/stm32f3xx_hal_sdadc.c:2527:13:HAL_SDADC_InjectedConvHalfCpltCallback	0	static
../Drivers/STM32F3xx_HAL_Driver/Src/stm32f3xx_hal_sdadc.c:2610:13:SDADC_DMAInjectedHalfConvCplt	8	static
../Drivers/STM32F3xx_HAL_Driver/Src/stm32f3xx_hal_sdadc.c:2544:13:HAL_SDADC_InjectedConvCpltCallback	0	static
../Drivers/STM32F3xx_HAL_Driver/Src/stm32f3xx_hal_sdadc.c:2628:13:SDADC_DMAInjectedConvCplt	8	static
../Drivers/STM32F3xx_HAL_Driver/Src/stm32f3xx_hal_sdadc.c:2559:13:HAL_SDADC_ErrorCallback	0	static
../Drivers/STM32F3xx_HAL_Driver/Src/stm32f3xx_hal_sdadc.c:1416:19:HAL_SDADC_PollForConversion	16	static
../Drivers/STM32F3xx_HAL_Driver/Src/stm32f3xx_hal_sdadc.c:2646:13:SDADC_DMAError	8	static
../Drivers/STM32F3xx_HAL_Driver/Src/stm32f3xx_hal_sdadc.c:1734:19:HAL_SDADC_PollForInjectedConversion	16	static
../Drivers/STM32F3xx_HAL_Driver/Src/stm32f3xx_hal_sdadc.c:2353:6:HAL_SDADC_IRQHandler	8	static
../Drivers/STM32F3xx_HAL_Driver/Src/stm32f3xx_hal_sdadc.c:2686:24:HAL_SDADC_GetState	0	static
../Drivers/STM32F3xx_HAL_Driver/Src/stm32f3xx_hal_sdadc.c:2696:10:HAL_SDADC_GetError	0	static
