../Drivers/STM32F3xx_HAL_Driver/Src/stm32f3xx_hal_i2c.c:6503:13:I2C_Flush_TXDR	0	static
../Drivers/STM32F3xx_HAL_Driver/Src/stm32f3xx_hal_i2c.c:7063:13:I2C_TransferConfig	12	static
../Drivers/STM32F3xx_HAL_Driver/Src/stm32f3xx_hal_i2c.c:7090:13:I2C_Enable_IRQ	16	static
../Drivers/STM32F3xx_HAL_Driver/Src/stm32f3xx_hal_i2c.c:7181:13:I2C_Disable_IRQ	0	static
../Drivers/STM32F3xx_HAL_Driver/Src/stm32f3xx_hal_i2c.c:6922:26:I2C_IsErrorOccurred	24	static
../Drivers/STM32F3xx_HAL_Driver/Src/stm32f3xx_hal_i2c.c:6767:26:I2C_WaitOnTXISFlagUntilTimeout	16	static
../Drivers/STM32F3xx_HAL_Driver/Src/stm32f3xx_hal_i2c.c:6733:26:I2C_WaitOnFlagUntilTimeout	24	static
../Drivers/STM32F3xx_HAL_Driver/Src/stm32f3xx_hal_i2c.c:6808:26:I2C_WaitOnSTOPFlagUntilTimeout	16	static
../Drivers/STM32F3xx_HAL_Driver/Src/stm32f3xx_hal_i2c.c:6846:26:I2C_WaitOnRXNEFlagUntilTimeout	16	static
../Drivers/STM32F3xx_HAL_Driver/Src/stm32f3xx_hal_i2c.c:7244:13:I2C_ConvertOtherXferOptions	0	static
../Drivers/STM32F3xx_HAL_Driver/Src/stm32f3xx_hal_i2c.c:691:13:HAL_I2C_MspInit	0	static
../Drivers/STM32F3xx_HAL_Driver/Src/stm32f3xx_hal_i2c.c:535:19:HAL_I2C_Init	8	static
../Drivers/STM32F3xx_HAL_Driver/Src/stm32f3xx_hal_i2c.c:707:13:HAL_I2C_MspDeInit	0	static
../Drivers/STM32F3xx_HAL_Driver/Src/stm32f3xx_hal_i2c.c:645:19:HAL_I2C_DeInit	8	static
../Drivers/STM32F3xx_HAL_Driver/Src/stm32f3xx_hal_i2c.c:1114:19:HAL_I2C_Master_Transmit	40	static
../Drivers/STM32F3xx_HAL_Driver/Src/stm32f3xx_hal_i2c.c:1233:19:HAL_I2C_Master_Receive	40	static
../Drivers/STM32F3xx_HAL_Driver/Src/stm32f3xx_hal_i2c.c:1351:19:HAL_I2C_Slave_Transmit	40	static
../Drivers/STM32F3xx_HAL_Driver/Src/stm32f3xx_hal_i2c.c:1507:19:HAL_I2C_Slave_Receive	40	static
../Drivers/STM32F3xx_HAL_Driver/Src/stm32f3xx_hal_i2c.c:1637:19:HAL_I2C_Master_Transmit_IT	24	static
../Drivers/STM32F3xx_HAL_Driver/Src/stm32f3xx_hal_i2c.c:1708:19:HAL_I2C_Master_Receive_IT	24	static
../Drivers/STM32F3xx_HAL_Driver/Src/stm32f3xx_hal_i2c.c:1777:19:HAL_I2C_Slave_Transmit_IT	8	static
../Drivers/STM32F3xx_HAL_Driver/Src/stm32f3xx_hal_i2c.c:1841:19:HAL_I2C_Slave_Receive_IT	16	static
../Drivers/STM32F3xx_HAL_Driver/Src/stm32f3xx_hal_i2c.c:1893:19:HAL_I2C_Master_Transmit_DMA	32	static
../Drivers/STM32F3xx_HAL_Driver/Src/stm32f3xx_hal_i2c.c:2040:19:HAL_I2C_Master_Receive_DMA	32	static
../Drivers/STM32F3xx_HAL_Driver/Src/stm32f3xx_hal_i2c.c:2185:19:HAL_I2C_Slave_Transmit_DMA	16	static
../Drivers/STM32F3xx_HAL_Driver/Src/stm32f3xx_hal_i2c.c:2321:19:HAL_I2C_Slave_Receive_DMA	24	static
../Drivers/STM32F3xx_HAL_Driver/Src/stm32f3xx_hal_i2c.c:2430:19:HAL_I2C_Mem_Write	48	static
../Drivers/STM32F3xx_HAL_Driver/Src/stm32f3xx_hal_i2c.c:2567:19:HAL_I2C_Mem_Read	48	static
../Drivers/STM32F3xx_HAL_Driver/Src/stm32f3xx_hal_i2c.c:2704:19:HAL_I2C_Mem_Write_IT	32	static
../Drivers/STM32F3xx_HAL_Driver/Src/stm32f3xx_hal_i2c.c:2791:19:HAL_I2C_Mem_Read_IT	32	static
../Drivers/STM32F3xx_HAL_Driver/Src/stm32f3xx_hal_i2c.c:2878:19:HAL_I2C_Mem_Write_DMA	32	static
../Drivers/STM32F3xx_HAL_Driver/Src/stm32f3xx_hal_i2c.c:3024:19:HAL_I2C_Mem_Read_DMA	32	static
../Drivers/STM32F3xx_HAL_Driver/Src/stm32f3xx_hal_i2c.c:3169:19:HAL_I2C_IsDeviceReady	56	static
../Drivers/STM32F3xx_HAL_Driver/Src/stm32f3xx_hal_i2c.c:3311:19:HAL_I2C_Master_Seq_Transmit_IT	24	static
../Drivers/STM32F3xx_HAL_Driver/Src/stm32f3xx_hal_i2c.c:3402:19:HAL_I2C_Master_Seq_Transmit_DMA	40	static
../Drivers/STM32F3xx_HAL_Driver/Src/stm32f3xx_hal_i2c.c:3570:19:HAL_I2C_Master_Seq_Receive_IT	24	static
../Drivers/STM32F3xx_HAL_Driver/Src/stm32f3xx_hal_i2c.c:3657:19:HAL_I2C_Master_Seq_Receive_DMA	40	static
../Drivers/STM32F3xx_HAL_Driver/Src/stm32f3xx_hal_i2c.c:3823:19:HAL_I2C_Slave_Seq_Transmit_IT	24	static
../Drivers/STM32F3xx_HAL_Driver/Src/stm32f3xx_hal_i2c.c:3923:19:HAL_I2C_Slave_Seq_Transmit_DMA	24	static
../Drivers/STM32F3xx_HAL_Driver/Src/stm32f3xx_hal_i2c.c:4107:19:HAL_I2C_Slave_Seq_Receive_IT	24	static
../Drivers/STM32F3xx_HAL_Driver/Src/stm32f3xx_hal_i2c.c:4207:19:HAL_I2C_Slave_Seq_Receive_DMA	24	static
../Drivers/STM32F3xx_HAL_Driver/Src/stm32f3xx_hal_i2c.c:4387:19:HAL_I2C_EnableListen_IT	8	static
../Drivers/STM32F3xx_HAL_Driver/Src/stm32f3xx_hal_i2c.c:4411:19:HAL_I2C_DisableListen_IT	8	static
../Drivers/STM32F3xx_HAL_Driver/Src/stm32f3xx_hal_i2c.c:4444:19:HAL_I2C_Master_Abort_IT	24	static
../Drivers/STM32F3xx_HAL_Driver/Src/stm32f3xx_hal_i2c.c:4506:6:HAL_I2C_EV_IRQHandler	0	static
../Drivers/STM32F3xx_HAL_Driver/Src/stm32f3xx_hal_i2c.c:4577:13:HAL_I2C_MasterTxCpltCallback	0	static
../Drivers/STM32F3xx_HAL_Driver/Src/stm32f3xx_hal_i2c.c:4593:13:HAL_I2C_MasterRxCpltCallback	0	static
../Drivers/STM32F3xx_HAL_Driver/Src/stm32f3xx_hal_i2c.c:5854:13:I2C_ITMasterSeqCplt	16	static
../Drivers/STM32F3xx_HAL_Driver/Src/stm32f3xx_hal_i2c.c:4608:13:HAL_I2C_SlaveTxCpltCallback	0	static
../Drivers/STM32F3xx_HAL_Driver/Src/stm32f3xx_hal_i2c.c:4624:13:HAL_I2C_SlaveRxCpltCallback	0	static
../Drivers/STM32F3xx_HAL_Driver/Src/stm32f3xx_hal_i2c.c:5907:13:I2C_ITSlaveSeqCplt	8	static
../Drivers/STM32F3xx_HAL_Driver/Src/stm32f3xx_hal_i2c.c:6575:13:I2C_DMASlaveTransmitCplt	0	static
../Drivers/STM32F3xx_HAL_Driver/Src/stm32f3xx_hal_i2c.c:6655:13:I2C_DMASlaveReceiveCplt	0	static
../Drivers/STM32F3xx_HAL_Driver/Src/stm32f3xx_hal_i2c.c:4642:13:HAL_I2C_AddrCallback	0	static
../Drivers/STM32F3xx_HAL_Driver/Src/stm32f3xx_hal_i2c.c:5759:13:I2C_ITAddrCplt.constprop	24	static
../Drivers/STM32F3xx_HAL_Driver/Src/stm32f3xx_hal_i2c.c:4660:13:HAL_I2C_ListenCpltCallback	0	static
../Drivers/STM32F3xx_HAL_Driver/Src/stm32f3xx_hal_i2c.c:6283:13:I2C_ITListenCplt	8	static
../Drivers/STM32F3xx_HAL_Driver/Src/stm32f3xx_hal_i2c.c:4676:13:HAL_I2C_MemTxCpltCallback	0	static
../Drivers/STM32F3xx_HAL_Driver/Src/stm32f3xx_hal_i2c.c:4692:13:HAL_I2C_MemRxCpltCallback	0	static
../Drivers/STM32F3xx_HAL_Driver/Src/stm32f3xx_hal_i2c.c:4708:13:HAL_I2C_ErrorCallback	0	static
../Drivers/STM32F3xx_HAL_Driver/Src/stm32f3xx_hal_i2c.c:4724:13:HAL_I2C_AbortCpltCallback	0	static
../Drivers/STM32F3xx_HAL_Driver/Src/stm32f3xx_hal_i2c.c:6465:13:I2C_TreatErrorCallback	8	static
../Drivers/STM32F3xx_HAL_Driver/Src/stm32f3xx_hal_i2c.c:6334:13:I2C_ITError	16	static
../Drivers/STM32F3xx_HAL_Driver/Src/stm32f3xx_hal_i2c.c:6124:13:I2C_ITSlaveCplt	24	static
../Drivers/STM32F3xx_HAL_Driver/Src/stm32f3xx_hal_i2c.c:5090:26:I2C_Slave_ISR_IT	24	static
../Drivers/STM32F3xx_HAL_Driver/Src/stm32f3xx_hal_i2c.c:5981:13:I2C_ITMasterCplt	24	static
../Drivers/STM32F3xx_HAL_Driver/Src/stm32f3xx_hal_i2c.c:4807:26:I2C_Master_ISR_IT	24	static
../Drivers/STM32F3xx_HAL_Driver/Src/stm32f3xx_hal_i2c.c:5371:26:I2C_Mem_ISR_DMA	16	static
../Drivers/STM32F3xx_HAL_Driver/Src/stm32f3xx_hal_i2c.c:5510:26:I2C_Slave_ISR_DMA	24	static
../Drivers/STM32F3xx_HAL_Driver/Src/stm32f3xx_hal_i2c.c:5231:26:I2C_Master_ISR_DMA	16	static
../Drivers/STM32F3xx_HAL_Driver/Src/stm32f3xx_hal_i2c.c:6684:13:I2C_DMAError	0	static
../Drivers/STM32F3xx_HAL_Driver/Src/stm32f3xx_hal_i2c.c:6524:13:I2C_DMAMasterTransmitCplt	8	static
../Drivers/STM32F3xx_HAL_Driver/Src/stm32f3xx_hal_i2c.c:6604:13:I2C_DMAMasterReceiveCplt	8	static
../Drivers/STM32F3xx_HAL_Driver/Src/stm32f3xx_hal_i2c.c:4953:26:I2C_Mem_ISR_IT	24	static
../Drivers/STM32F3xx_HAL_Driver/Src/stm32f3xx_hal_i2c.c:4525:6:HAL_I2C_ER_IRQHandler	4	static
../Drivers/STM32F3xx_HAL_Driver/Src/stm32f3xx_hal_i2c.c:6703:13:I2C_DMAAbort	0	static
../Drivers/STM32F3xx_HAL_Driver/Src/stm32f3xx_hal_i2c.c:4759:22:HAL_I2C_GetState	0	static
../Drivers/STM32F3xx_HAL_Driver/Src/stm32f3xx_hal_i2c.c:4771:21:HAL_I2C_GetMode	0	static
../Drivers/STM32F3xx_HAL_Driver/Src/stm32f3xx_hal_i2c.c:4782:10:HAL_I2C_GetError	0	static
