../Drivers/STM32F3xx_HAL_Driver/Src/stm32f3xx_hal_rtc.c:650:13:HAL_RTC_MspInit	0	static
../Drivers/STM32F3xx_HAL_Driver/Src/stm32f3xx_hal_rtc.c:666:13:HAL_RTC_MspDeInit	0	static
../Drivers/STM32F3xx_HAL_Driver/Src/stm32f3xx_hal_rtc.c:1404:19:HAL_RTC_DeactivateAlarm	16	static
../Drivers/STM32F3xx_HAL_Driver/Src/stm32f3xx_hal_rtc.c:1604:13:HAL_RTC_AlarmAEventCallback	0	static
../Drivers/STM32F3xx_HAL_Driver/Src/stm32f3xx_hal_rtc.c:1553:6:HAL_RTC_AlarmIRQHandler	8	static
../Drivers/STM32F3xx_HAL_Driver/Src/stm32f3xx_hal_rtc.c:1621:19:HAL_RTC_PollForAlarmAEvent	16	static
../Drivers/STM32F3xx_HAL_Driver/Src/stm32f3xx_hal_rtc.c:1685:19:HAL_RTC_WaitForSynchro	16	static
../Drivers/STM32F3xx_HAL_Driver/Src/stm32f3xx_hal_rtc.c:1714:6:HAL_RTC_DST_Add1Hour	0	static
../Drivers/STM32F3xx_HAL_Driver/Src/stm32f3xx_hal_rtc.c:1728:6:HAL_RTC_DST_Sub1Hour	0	static
../Drivers/STM32F3xx_HAL_Driver/Src/stm32f3xx_hal_rtc.c:1742:6:HAL_RTC_DST_SetStoreOperation	0	static
../Drivers/STM32F3xx_HAL_Driver/Src/stm32f3xx_hal_rtc.c:1755:6:HAL_RTC_DST_ClearStoreOperation	0	static
../Drivers/STM32F3xx_HAL_Driver/Src/stm32f3xx_hal_rtc.c:1767:10:HAL_RTC_DST_ReadStoreOperation	0	static
../Drivers/STM32F3xx_HAL_Driver/Src/stm32f3xx_hal_rtc.c:1796:21:HAL_RTC_GetState	0	static
../Drivers/STM32F3xx_HAL_Driver/Src/stm32f3xx_hal_rtc.c:1822:19:RTC_EnterInitMode	24	static
../Drivers/STM32F3xx_HAL_Driver/Src/stm32f3xx_hal_rtc.c:1857:19:RTC_ExitInitMode	8	static
../Drivers/STM32F3xx_HAL_Driver/Src/stm32f3xx_hal_rtc.c:248:19:HAL_RTC_Init	8	static
../Drivers/STM32F3xx_HAL_Driver/Src/stm32f3xx_hal_rtc.c:363:19:HAL_RTC_DeInit	16	static
../Drivers/STM32F3xx_HAL_Driver/Src/stm32f3xx_hal_rtc.c:1883:9:RTC_ByteToBcd2	0	static
../Drivers/STM32F3xx_HAL_Driver/Src/stm32f3xx_hal_rtc.c:707:19:HAL_RTC_SetTime	24	static
../Drivers/STM32F3xx_HAL_Driver/Src/stm32f3xx_hal_rtc.c:866:19:HAL_RTC_SetDate	24	static
../Drivers/STM32F3xx_HAL_Driver/Src/stm32f3xx_hal_rtc.c:1013:19:HAL_RTC_SetAlarm	40	static
../Drivers/STM32F3xx_HAL_Driver/Src/stm32f3xx_hal_rtc.c:1210:19:HAL_RTC_SetAlarm_IT	48	static
../Drivers/STM32F3xx_HAL_Driver/Src/stm32f3xx_hal_rtc.c:1901:9:RTC_Bcd2ToByte	0	static
../Drivers/STM32F3xx_HAL_Driver/Src/stm32f3xx_hal_rtc.c:821:19:HAL_RTC_GetTime	16	static
../Drivers/STM32F3xx_HAL_Driver/Src/stm32f3xx_hal_rtc.c:955:19:HAL_RTC_GetDate	16	static
../Drivers/STM32F3xx_HAL_Driver/Src/stm32f3xx_hal_rtc.c:1502:19:HAL_RTC_GetAlarm	24	static
