../Core/Src/STM32 PLC/Analog_Input.c:85:6:STM32_PLC_Analog_Input_Get_Gain	0	static
../Core/Src/STM32 PLC/Analog_Input.c:105:6:STM32_PLC_Analog_Input_Set_Gain	16	static
../Core/Src/STM32 PLC/Analog_Input.c:19:6:STM32_PLC_Analog_Input	40	static
../Core/Src/STM32 PLC/Analog_Input.c:154:10:STM32_PLC_Analog_Input_ADC_Get_Raw	0	static
../Core/Src/STM32 PLC/Analog_Input.c:198:7:STM32_PLC_Analog_Input_ADC_Get_Calibrated	8	static
../Core/Src/STM32 PLC/Analog_Input.c:203:9:STM32_PLC_Analog_Input_DADC_Get_Raw	0	static
../Core/Src/STM32 PLC/Analog_Input.c:226:7:STM32_PLC_Analog_Input_DADC_Get_Calibrated	8	static
../Core/Src/STM32 PLC/Analog_Input.c:230:6:STM32_PLC_Analog_Input_Set_Calibration	0	static
