stm32f3xx_hal_i2c.c:6134:13:I2C_Flush_TXDR	0	static
stm32f3xx_hal_i2c.c:6599:13:I2C_TransferConfig	12	static
stm32f3xx_hal_i2c.c:6624:13:I2C_Enable_IRQ	8	static
stm32f3xx_hal_i2c.c:6695:13:I2C_Disable_IRQ	0	static
stm32f3xx_hal_i2c.c:6758:13:I2C_ConvertOtherXferOptions	0	static
stm32f3xx_hal_i2c.c:6525:26:I2C_IsAcknowledgeFailed	16	static
stm32f3xx_hal_i2c.c:6461:26:I2C_WaitOnRXNEFlagUntilTimeout	16	static
stm32f3xx_hal_i2c.c:6388:26:I2C_WaitOnTXISFlagUntilTimeout	16	static
stm32f3xx_hal_i2c.c:6426:26:I2C_WaitOnSTOPFlagUntilTimeout	16	static
stm32f3xx_hal_i2c.c:6357:26:I2C_WaitOnFlagUntilTimeout	24	static
stm32f3xx_hal_i2c.c:5305:26:I2C_RequestMemoryWrite	32	static
stm32f3xx_hal_i2c.c:5360:26:I2C_RequestMemoryRead	32	static
stm32f3xx_hal_i2c.c:678:13:HAL_I2C_MspInit	0	static
stm32f3xx_hal_i2c.c:522:19:HAL_I2C_Init	8	static
stm32f3xx_hal_i2c.c:694:13:HAL_I2C_MspDeInit	0	static
stm32f3xx_hal_i2c.c:632:19:HAL_I2C_DeInit	8	static
stm32f3xx_hal_i2c.c:1115:19:HAL_I2C_Master_Transmit	40	static
stm32f3xx_hal_i2c.c:1234:19:HAL_I2C_Master_Receive	40	static
stm32f3xx_hal_i2c.c:1352:19:HAL_I2C_Slave_Transmit	40	static
stm32f3xx_hal_i2c.c:1490:19:HAL_I2C_Slave_Receive	40	static
stm32f3xx_hal_i2c.c:1617:19:HAL_I2C_Master_Transmit_IT	24	static
stm32f3xx_hal_i2c.c:1688:19:HAL_I2C_Master_Receive_IT	24	static
stm32f3xx_hal_i2c.c:1757:19:HAL_I2C_Slave_Transmit_IT	16	static
stm32f3xx_hal_i2c.c:1807:19:HAL_I2C_Slave_Receive_IT	16	static
stm32f3xx_hal_i2c.c:1859:19:HAL_I2C_Master_Transmit_DMA	32	static
stm32f3xx_hal_i2c.c:2006:19:HAL_I2C_Master_Receive_DMA	32	static
stm32f3xx_hal_i2c.c:2151:19:HAL_I2C_Slave_Transmit_DMA	24	static
stm32f3xx_hal_i2c.c:2255:19:HAL_I2C_Slave_Receive_DMA	24	static
stm32f3xx_hal_i2c.c:2363:19:HAL_I2C_Mem_Write	56	static
stm32f3xx_hal_i2c.c:2500:19:HAL_I2C_Mem_Read	56	static
stm32f3xx_hal_i2c.c:2637:19:HAL_I2C_Mem_Write_IT	48	static
stm32f3xx_hal_i2c.c:2731:19:HAL_I2C_Mem_Read_IT	48	static
stm32f3xx_hal_i2c.c:2823:19:HAL_I2C_Mem_Write_DMA	40	static
stm32f3xx_hal_i2c.c:2970:19:HAL_I2C_Mem_Read_DMA	40	static
stm32f3xx_hal_i2c.c:3113:19:HAL_I2C_IsDeviceReady	56	static
stm32f3xx_hal_i2c.c:3255:19:HAL_I2C_Master_Seq_Transmit_IT	24	static
stm32f3xx_hal_i2c.c:3342:19:HAL_I2C_Master_Seq_Transmit_DMA	40	static
stm32f3xx_hal_i2c.c:3510:19:HAL_I2C_Master_Seq_Receive_IT	24	static
stm32f3xx_hal_i2c.c:3597:19:HAL_I2C_Master_Seq_Receive_DMA	40	static
stm32f3xx_hal_i2c.c:3763:19:HAL_I2C_Slave_Seq_Transmit_IT	24	static
stm32f3xx_hal_i2c.c:3859:19:HAL_I2C_Slave_Seq_Transmit_DMA	24	static
stm32f3xx_hal_i2c.c:4040:19:HAL_I2C_Slave_Seq_Receive_IT	24	static
stm32f3xx_hal_i2c.c:4136:19:HAL_I2C_Slave_Seq_Receive_DMA	24	static
stm32f3xx_hal_i2c.c:4313:19:HAL_I2C_EnableListen_IT	8	static
stm32f3xx_hal_i2c.c:4337:19:HAL_I2C_DisableListen_IT	8	static
stm32f3xx_hal_i2c.c:4370:19:HAL_I2C_Master_Abort_IT	24	static
stm32f3xx_hal_i2c.c:4432:6:HAL_I2C_EV_IRQHandler	0	static
stm32f3xx_hal_i2c.c:4503:13:HAL_I2C_MasterTxCpltCallback	0	static
stm32f3xx_hal_i2c.c:4519:13:HAL_I2C_MasterRxCpltCallback	0	static
stm32f3xx_hal_i2c.c:5504:13:I2C_ITMasterSeqCplt	16	static
stm32f3xx_hal_i2c.c:4534:13:HAL_I2C_SlaveTxCpltCallback	0	static
stm32f3xx_hal_i2c.c:4550:13:HAL_I2C_SlaveRxCpltCallback	0	static
stm32f3xx_hal_i2c.c:5557:13:I2C_ITSlaveSeqCplt	8	static
stm32f3xx_hal_i2c.c:6205:13:I2C_DMASlaveTransmitCplt	0	static
stm32f3xx_hal_i2c.c:6283:13:I2C_DMASlaveReceiveCplt	0	static
stm32f3xx_hal_i2c.c:4568:13:HAL_I2C_AddrCallback	0	static
stm32f3xx_hal_i2c.c:5409:13:I2C_ITAddrCplt.isra.0	24	static
stm32f3xx_hal_i2c.c:4586:13:HAL_I2C_ListenCpltCallback	0	static
stm32f3xx_hal_i2c.c:5933:13:I2C_ITListenCplt	8	static
stm32f3xx_hal_i2c.c:4602:13:HAL_I2C_MemTxCpltCallback	0	static
stm32f3xx_hal_i2c.c:4618:13:HAL_I2C_MemRxCpltCallback	0	static
stm32f3xx_hal_i2c.c:4634:13:HAL_I2C_ErrorCallback	0	static
stm32f3xx_hal_i2c.c:4650:13:HAL_I2C_AbortCpltCallback	0	static
stm32f3xx_hal_i2c.c:6096:13:I2C_TreatErrorCallback	8	static
stm32f3xx_hal_i2c.c:5984:13:I2C_ITError	16	static
stm32f3xx_hal_i2c.c:5774:13:I2C_ITSlaveCplt	24	static
stm32f3xx_hal_i2c.c:4879:26:I2C_Slave_ISR_IT	24	static
stm32f3xx_hal_i2c.c:5631:13:I2C_ITMasterCplt	24	static
stm32f3xx_hal_i2c.c:4733:26:I2C_Master_ISR_IT	24	static
stm32f3xx_hal_i2c.c:5160:26:I2C_Slave_ISR_DMA	24	static
stm32f3xx_hal_i2c.c:5020:26:I2C_Master_ISR_DMA	16	static
stm32f3xx_hal_i2c.c:6311:13:I2C_DMAError	0	static
stm32f3xx_hal_i2c.c:6155:13:I2C_DMAMasterTransmitCplt	8	static
stm32f3xx_hal_i2c.c:6233:13:I2C_DMAMasterReceiveCplt	8	static
stm32f3xx_hal_i2c.c:4451:6:HAL_I2C_ER_IRQHandler	4	static
stm32f3xx_hal_i2c.c:6329:13:I2C_DMAAbort	0	static
stm32f3xx_hal_i2c.c:4685:22:HAL_I2C_GetState	0	static
stm32f3xx_hal_i2c.c:4697:21:HAL_I2C_GetMode	0	static
stm32f3xx_hal_i2c.c:4708:10:HAL_I2C_GetError	0	static
