stm32f3xx_hal_pcd.c:248:13:HAL_PCD_MspInit	0	static
stm32f3xx_hal_pcd.c:122:19:HAL_PCD_Init	48	static
stm32f3xx_hal_pcd.c:263:13:HAL_PCD_MspDeInit	0	static
stm32f3xx_hal_pcd.c:209:19:HAL_PCD_DeInit	16	static
stm32f3xx_hal_pcd.c:821:19:HAL_PCD_Start	16	static
stm32f3xx_hal_pcd.c:839:19:HAL_PCD_Stop	8	static
stm32f3xx_hal_pcd.c:945:6:HAL_PCD_WKUP_IRQHandler	0	static
stm32f3xx_hal_pcd.c:958:13:HAL_PCD_DataOutStageCallback	0	static
stm32f3xx_hal_pcd.c:975:13:HAL_PCD_DataInStageCallback	0	static
stm32f3xx_hal_pcd.c:990:13:HAL_PCD_SetupStageCallback	0	static
stm32f3xx_hal_pcd.c:1005:13:HAL_PCD_SOFCallback	0	static
stm32f3xx_hal_pcd.c:1020:13:HAL_PCD_ResetCallback	0	static
stm32f3xx_hal_pcd.c:1035:13:HAL_PCD_SuspendCallback	0	static
stm32f3xx_hal_pcd.c:1050:13:HAL_PCD_ResumeCallback	0	static
stm32f3xx_hal_pcd.c:1066:13:HAL_PCD_ISOOUTIncompleteCallback	0	static
stm32f3xx_hal_pcd.c:1083:13:HAL_PCD_ISOINIncompleteCallback	0	static
stm32f3xx_hal_pcd.c:1099:13:HAL_PCD_ConnectCallback	0	static
stm32f3xx_hal_pcd.c:1114:13:HAL_PCD_DisconnectCallback	0	static
stm32f3xx_hal_pcd.c:1148:19:HAL_PCD_DevConnect	8	static
stm32f3xx_hal_pcd.c:1165:19:HAL_PCD_DevDisconnect	8	static
stm32f3xx_hal_pcd.c:1183:19:HAL_PCD_SetAddress	8	static
stm32f3xx_hal_pcd.c:858:6:HAL_PCD_IRQHandler	40	static
stm32f3xx_hal_pcd.c:1200:19:HAL_PCD_EP_Open	16	static
stm32f3xx_hal_pcd.c:1245:19:HAL_PCD_EP_Close	8	static
stm32f3xx_hal_pcd.c:1276:19:HAL_PCD_EP_Receive	16	static
stm32f3xx_hal_pcd.c:1307:10:HAL_PCD_EP_GetRxCount	0	static
stm32f3xx_hal_pcd.c:1319:19:HAL_PCD_EP_Transmit	16	static
stm32f3xx_hal_pcd.c:1352:19:HAL_PCD_EP_SetStall	8	static
stm32f3xx_hal_pcd.c:1390:19:HAL_PCD_EP_ClrStall	16	static
stm32f3xx_hal_pcd.c:1426:19:HAL_PCD_EP_Flush	0	static
stm32f3xx_hal_pcd.c:1440:19:HAL_PCD_ActivateRemoteWakeup	0	static
stm32f3xx_hal_pcd.c:1450:19:HAL_PCD_DeActivateRemoteWakeup	0	static
stm32f3xx_hal_pcd.c:1479:18:HAL_PCD_GetState	0	static
