stm32f3xx_hal_spi.c:3934:26:SPI_WaitFlagStateUntilTimeout.constprop	32	static
stm32f3xx_hal_spi.c:4003:26:SPI_WaitFifoStateUntilTimeout.constprop	40	static
stm32f3xx_hal_spi.c:4334:13:SPI_AbortRx_ISR	16	static
stm32f3xx_hal_spi.c:4083:26:SPI_EndRxTransaction	24	static
stm32f3xx_hal_spi.c:4119:26:SPI_EndRxTxTransaction	24	static
stm32f3xx_hal_spi.c:4378:13:SPI_AbortTx_ISR	16	static
stm32f3xx_hal_spi.c:535:13:HAL_SPI_MspInit	0	static
stm32f3xx_hal_spi.c:316:19:HAL_SPI_Init	16	static
stm32f3xx_hal_spi.c:551:13:HAL_SPI_MspDeInit	0	static
stm32f3xx_hal_spi.c:491:19:HAL_SPI_DeInit	8	static
stm32f3xx_hal_spi.c:823:19:HAL_SPI_Transmit	40	static
stm32f3xx_hal_spi.c:1248:19:HAL_SPI_TransmitReceive	32	static
stm32f3xx_hal_spi.c:1008:19:HAL_SPI_Receive	32	static
stm32f3xx_hal_spi.c:1557:19:HAL_SPI_Transmit_IT	0	static
stm32f3xx_hal_spi.c:1749:19:HAL_SPI_TransmitReceive_IT	12	static
stm32f3xx_hal_spi.c:1642:19:HAL_SPI_Receive_IT	12	static
stm32f3xx_hal_spi.c:1858:19:HAL_SPI_Transmit_DMA	16	static
stm32f3xx_hal_spi.c:2137:19:HAL_SPI_TransmitReceive_DMA	16	static
stm32f3xx_hal_spi.c:1983:19:HAL_SPI_Receive_DMA	24	static
stm32f3xx_hal_spi.c:2339:19:HAL_SPI_Abort	24	static
stm32f3xx_hal_spi.c:2660:19:HAL_SPI_DMAPause	0	static
stm32f3xx_hal_spi.c:2680:19:HAL_SPI_DMAResume	0	static
stm32f3xx_hal_spi.c:2700:19:HAL_SPI_DMAStop	16	static
stm32f3xx_hal_spi.c:2847:13:HAL_SPI_TxCpltCallback	0	static
stm32f3xx_hal_spi.c:2863:13:HAL_SPI_RxCpltCallback	0	static
stm32f3xx_hal_spi.c:2879:13:HAL_SPI_TxRxCpltCallback	0	static
stm32f3xx_hal_spi.c:2895:13:HAL_SPI_TxHalfCpltCallback	0	static
stm32f3xx_hal_spi.c:3307:13:SPI_DMAHalfTransmitCplt	8	static
stm32f3xx_hal_spi.c:2911:13:HAL_SPI_RxHalfCpltCallback	0	static
stm32f3xx_hal_spi.c:3325:13:SPI_DMAHalfReceiveCplt	8	static
stm32f3xx_hal_spi.c:2927:13:HAL_SPI_TxRxHalfCpltCallback	0	static
stm32f3xx_hal_spi.c:3343:13:SPI_DMAHalfTransmitReceiveCplt	8	static
stm32f3xx_hal_spi.c:2943:13:HAL_SPI_ErrorCallback	0	static
stm32f3xx_hal_spi.c:4285:13:SPI_CloseTx_ISR	16	static
stm32f3xx_hal_spi.c:3879:13:SPI_TxISR_8BIT	0	static
stm32f3xx_hal_spi.c:3904:13:SPI_TxISR_16BIT	4	static
stm32f3xx_hal_spi.c:4228:13:SPI_CloseRx_ISR	8	static
stm32f3xx_hal_spi.c:3790:13:SPI_RxISR_8BIT	0	static
stm32f3xx_hal_spi.c:3846:13:SPI_RxISR_16BIT	0	static
stm32f3xx_hal_spi.c:4151:13:SPI_CloseRxTx_ISR	8	static
stm32f3xx_hal_spi.c:3622:13:SPI_2linesTxISR_8BIT	0	static
stm32f3xx_hal_spi.c:3537:13:SPI_2linesRxISR_8BIT	0	static
stm32f3xx_hal_spi.c:3725:13:SPI_2linesTxISR_16BIT	4	static
stm32f3xx_hal_spi.c:3669:13:SPI_2linesRxISR_16BIT	4	static
stm32f3xx_hal_spi.c:3361:13:SPI_DMAError	8	static
stm32f3xx_hal_spi.c:3033:13:SPI_DMATransmitCplt	24	static
stm32f3xx_hal_spi.c:3090:13:SPI_DMAReceiveCplt	16	static
stm32f3xx_hal_spi.c:3207:13:SPI_DMATransmitReceiveCplt	16	static
stm32f3xx_hal_spi.c:2740:6:HAL_SPI_IRQHandler	40	static
stm32f3xx_hal_spi.c:3384:13:SPI_DMAAbortOnError	8	static
stm32f3xx_hal_spi.c:2961:13:HAL_SPI_AbortCpltCallback	0	static
stm32f3xx_hal_spi.c:2499:19:HAL_SPI_Abort_IT	32	static
stm32f3xx_hal_spi.c:3472:13:SPI_DMARxAbortCallback	16	static
stm32f3xx_hal_spi.c:3406:13:SPI_DMATxAbortCallback	16	static
stm32f3xx_hal_spi.c:2996:22:HAL_SPI_GetState	0	static
stm32f3xx_hal_spi.c:3008:10:HAL_SPI_GetError	0	static
