stm32f3xx_hal_rtc.c:723:13:HAL_RTC_MspInit	0	static
stm32f3xx_hal_rtc.c:738:13:HAL_RTC_MspDeInit	0	static
stm32f3xx_hal_rtc.c:1091:6:HAL_RTC_DST_Add1Hour	0	static
stm32f3xx_hal_rtc.c:1105:6:HAL_RTC_DST_Sub1Hour	0	static
stm32f3xx_hal_rtc.c:1119:6:HAL_RTC_DST_SetStoreOperation	0	static
stm32f3xx_hal_rtc.c:1132:6:HAL_RTC_DST_ClearStoreOperation	0	static
stm32f3xx_hal_rtc.c:1144:10:HAL_RTC_DST_ReadStoreOperation	0	static
stm32f3xx_hal_rtc.c:1539:19:HAL_RTC_DeactivateAlarm	16	static
stm32f3xx_hal_rtc.c:1733:13:HAL_RTC_AlarmAEventCallback	0	static
stm32f3xx_hal_rtc.c:1683:6:HAL_RTC_AlarmIRQHandler	8	static
stm32f3xx_hal_rtc.c:1749:19:HAL_RTC_PollForAlarmAEvent	16	static
stm32f3xx_hal_rtc.c:1808:19:HAL_RTC_WaitForSynchro	16	static
stm32f3xx_hal_rtc.c:1852:21:HAL_RTC_GetState	0	static
stm32f3xx_hal_rtc.c:1879:19:RTC_EnterInitMode	16	static
stm32f3xx_hal_rtc.c:280:19:HAL_RTC_Init	16	static
stm32f3xx_hal_rtc.c:400:19:HAL_RTC_DeInit	16	static
stm32f3xx_hal_rtc.c:1909:9:RTC_ByteToBcd2	0	static
stm32f3xx_hal_rtc.c:778:19:HAL_RTC_SetTime	24	static
stm32f3xx_hal_rtc.c:951:19:HAL_RTC_SetDate	24	static
stm32f3xx_hal_rtc.c:1176:19:HAL_RTC_SetAlarm	40	static
stm32f3xx_hal_rtc.c:1357:19:HAL_RTC_SetAlarm_IT	40	static
stm32f3xx_hal_rtc.c:1927:9:RTC_Bcd2ToByte	0	static
stm32f3xx_hal_rtc.c:907:19:HAL_RTC_GetTime	16	static
stm32f3xx_hal_rtc.c:1057:19:HAL_RTC_GetDate	16	static
stm32f3xx_hal_rtc.c:1633:19:HAL_RTC_GetAlarm	24	static
