stm32f3xx_ll_usb.c:64:19:USB_CoreInit	0	static
stm32f3xx_ll_usb.c:84:19:USB_EnableGlobalInt	0	static
stm32f3xx_ll_usb.c:109:19:USB_DisableGlobalInt	0	static
stm32f3xx_ll_usb.c:133:19:USB_SetCurrentMode	0	static
stm32f3xx_ll_usb.c:154:19:USB_DevInit	8	static
stm32f3xx_ll_usb.c:182:19:USB_ActivateEndpoint	20	static
stm32f3xx_ll_usb.c:305:19:USB_DeactivateEndpoint	8	static
stm32f3xx_ll_usb.c:575:19:USB_EPSetStall	0	static
stm32f3xx_ll_usb.c:595:19:USB_EPClearStall	0	static
stm32f3xx_ll_usb.c:627:19:USB_StopDevice	0	static
stm32f3xx_ll_usb.c:648:20:USB_SetDevAddress	0	static
stm32f3xx_ll_usb.c:664:20:USB_DevConnect	0	static
stm32f3xx_ll_usb.c:682:20:USB_DevDisconnect	0	static
stm32f3xx_ll_usb.c:700:11:USB_ReadInterrupts	0	static
stm32f3xx_ll_usb.c:713:19:USB_ActivateRemoteWakeup	0	static
stm32f3xx_ll_usb.c:725:19:USB_DeActivateRemoteWakeup	0	static
stm32f3xx_ll_usb.c:740:6:USB_WritePMA	0	static
stm32f3xx_ll_usb.c:361:19:USB_EPStartXfer	24	static
stm32f3xx_ll_usb.c:774:6:USB_ReadPMA	20	static
