ILI9341.c:351:6:ILI9341_SendData	16	static
ILI9341.c:360:6:ILI9341_SendCommand	16	static
ILI9341.c:369:6:ILI9341_SetCursorPosition	24	static
ILI9341.c:384:6:ILI9341_DrawPixel	8	static
ILI9341.c:391:6:ILI9341_Fill	16	static
ILI9341.c:406:6:ILI9341_Fill_Rect	24	static
ILI9341.c:429:6:ILI9341_drawCircle	56	static
ILI9341.c:467:6:ILI9341_drawLine	56	static
ILI9341.c:506:6:ILI9341_drawFastHLine	16	static
ILI9341.c:510:6:ILI9341_drawFastVLine	16	static
ILI9341.c:419:6:ILI9341_Hollow_Rect	40	static
ILI9341.c:462:6:ILI9341_fillCircle	64	static
ILI9341.c:515:6:ILI9341_drawTriangle	40	static
ILI9341.c:521:6:ILI9341_fillTriangle	80	static
ILI9341.c:594:6:ILI9341_drawChar	80	static
ILI9341.c:636:6:ILI9341_printText	48	static
ILI9341.c:645:6:ILI9341_printImage	16	static
ILI9341.c:654:6:ILI9341_setRotation	8	static
ILI9341.c:688:9:ILI9341_getRotation	0	static
