../Core/Src/STM32 PLC/Open SAE J1939/SAE_J1939/SAE_J1939-71_Application_Layer/Request_Software_Identification.c:18:25:SAE_J1939_Send_Request_Software_Identification	0	static
../Core/Src/STM32 PLC/Open SAE J1939/SAE_J1939/SAE_J1939-71_Application_Layer/Request_Software_Identification.c:26:25:SAE_J1939_Response_Request_Software_Identification	24	static
../Core/Src/STM32 PLC/Open SAE J1939/SAE_J1939/SAE_J1939-71_Application_Layer/Request_Software_Identification.c:64:6:SAE_J1939_Read_Response_Request_Software_Identification	8	static
