stm32f3xx_hal_msp.c:75:6:HAL_MspInit	8	static
stm32f3xx_hal_msp.c:97:6:HAL_CAN_MspInit	40	static
stm32f3xx_hal_msp.c:136:6:HAL_CAN_MspDeInit	8	static
stm32f3xx_hal_msp.c:167:6:HAL_DAC_MspInit	48	static
stm32f3xx_hal_msp.c:222:6:HAL_DAC_MspDeInit	0	static
stm32f3xx_hal_msp.c:268:6:HAL_RTC_MspInit	0	static,ignoring_inline_asm
stm32f3xx_hal_msp.c:290:6:HAL_RTC_MspDeInit	0	static,ignoring_inline_asm
stm32f3xx_hal_msp.c:312:6:HAL_SDADC_MspInit	72	static
stm32f3xx_hal_msp.c:471:6:HAL_SDADC_MspDeInit	8	static
stm32f3xx_hal_msp.c:564:6:HAL_SPI_MspInit	48	static
stm32f3xx_hal_msp.c:626:6:HAL_SPI_MspDeInit	0	static
stm32f3xx_hal_msp.c:675:6:HAL_TIM_Base_MspInit	80	static
stm32f3xx_hal_msp.c:828:6:HAL_TIM_Encoder_MspInit	48	static
stm32f3xx_hal_msp.c:882:6:HAL_TIM_MspPostInit	40	static
stm32f3xx_hal_msp.c:940:6:HAL_TIM_Base_MspDeInit	8	static
stm32f3xx_hal_msp.c:1046:6:HAL_TIM_Encoder_MspDeInit	0	static
stm32f3xx_hal_msp.c:1093:6:HAL_UART_MspInit	40	static
stm32f3xx_hal_msp.c:1129:6:HAL_UART_MspDeInit	0	static
