../Core/Src/STM32 PLC/RTC.c:16:6:STM32_PLC_RTC	0	static
../Core/Src/STM32 PLC/RTC.c:23:6:STM32_PLC_RTC_Get_Date	32	static
../Core/Src/STM32 PLC/RTC.c:32:6:STM32_PLC_RTC_Set_Date	16	static
../Core/Src/STM32 PLC/RTC.c:41:6:STM32_PLC_RTC_Get_Time	40	static
../Core/Src/STM32 PLC/RTC.c:49:6:STM32_PLC_RTC_Set_Time	40	static
../Core/Src/STM32 PLC/RTC.c:58:6:STM32_PLC_RTC_Get_Alarm_A	56	static
../Core/Src/STM32 PLC/RTC.c:66:6:STM32_PLC_RTC_Get_Alarm_B	56	static
../Core/Src/STM32 PLC/RTC.c:74:6:STM32_PLC_RTC_Set_Alarm_A	56	static
../Core/Src/STM32 PLC/RTC.c:91:6:STM32_PLC_RTC_Set_Alarm_B	56	static
../Core/Src/STM32 PLC/RTC.c:108:6:HAL_RTCEx_AlarmBEventCallback	8	static
../Core/Src/STM32 PLC/RTC.c:120:6:HAL_RTC_AlarmAEventCallback	8	static
../Core/Src/STM32 PLC/RTC.c:132:6:STM32_PLC_RTC_Deactivate_Alarm_A	8	static
../Core/Src/STM32 PLC/RTC.c:140:6:STM32_PLC_RTC_Enable_Alarm_A	8	static
../Core/Src/STM32 PLC/RTC.c:147:6:STM32_PLC_RTC_Alarm_A_Is_Enabled	0	static
../Core/Src/STM32 PLC/RTC.c:151:6:STM32_PLC_RTC_Alarm_A_Is_Activated	0	static
../Core/Src/STM32 PLC/RTC.c:155:6:STM32_PLC_RTC_Deactivate_Alarm_B	8	static
../Core/Src/STM32 PLC/RTC.c:163:6:STM32_PLC_RTC_Enable_Alarm_B	8	static
../Core/Src/STM32 PLC/RTC.c:170:6:STM32_PLC_RTC_Alarm_B_Is_Enabled	0	static
../Core/Src/STM32 PLC/RTC.c:174:6:STM32_PLC_RTC_Alarm_B_Is_Activated	0	static
