../Core/Src/STM32 PLC/Analog_Input.c:83:6:STM32_PLC_Analog_Input_Get_Gain	0	static
../Core/Src/STM32 PLC/Analog_Input.c:103:6:STM32_PLC_Analog_Input_Set_Gain	16	static
../Core/Src/STM32 PLC/Analog_Input.c:19:6:STM32_PLC_Analog_Input	40	static
../Core/Src/STM32 PLC/Analog_Input.c:152:10:STM32_PLC_Analog_Input_ADC_Get_Raw	0	static
../Core/Src/STM32 PLC/Analog_Input.c:196:7:STM32_PLC_Analog_Input_ADC_Get_Calibrated	8	static
../Core/Src/STM32 PLC/Analog_Input.c:201:9:STM32_PLC_Analog_Input_DADC_Get_Raw	0	static
../Core/Src/STM32 PLC/Analog_Input.c:224:7:STM32_PLC_Analog_Input_DADC_Get_Calibrated	8	static
../Core/Src/STM32 PLC/Analog_Input.c:228:6:STM32_PLC_Analog_Input_Set_Calibration	0	static
