../Core/Src/STM32 PLC/Flash.c:222:13:read_flash.constprop	0	static
../Core/Src/STM32 PLC/Flash.c:230:13:write_flash	216	static
../Core/Src/STM32 PLC/Flash.c:21:6:STM32_PLC_Flash_Set_ADC_Gain_For_Configuration_Index_0	0	static
../Core/Src/STM32 PLC/Flash.c:35:6:STM32_PLC_Flash_Set_ADC_Gain_For_Configuration_Index_1	0	static
../Core/Src/STM32 PLC/Flash.c:49:6:STM32_PLC_Flash_Set_ADC_Gain_For_Configuration_Index_2	0	static
../Core/Src/STM32 PLC/Flash.c:63:6:STM32_PLC_Flash_Set_PWM_Prescaler_For_PWM_0_3	0	static
../Core/Src/STM32 PLC/Flash.c:67:6:STM32_PLC_Flash_Set_PWM_Prescaler_For_PWM_4_7	0	static
../Core/Src/STM32 PLC/Flash.c:71:6:STM32_PLC_Flash_Set_Alarm_Enable	0	static
../Core/Src/STM32 PLC/Flash.c:76:6:STM32_PLC_Flash_Set_LCD_Calibration	24	static
../Core/Src/STM32 PLC/Flash.c:94:6:STM32_PLC_Flash_Set_J1939_This_ECU_Address	0	static
../Core/Src/STM32 PLC/Flash.c:98:6:STM32_PLC_Flash_Set_Analog_Input_Calibration	16	static
../Core/Src/STM32 PLC/Flash.c:110:6:STM32_PLC_Flash_Set_Encoder_Pulses	0	static
../Core/Src/STM32 PLC/Flash.c:114:6:STM32_PLC_Flash_Get_ADC_Gains_For_SDADC_1	200	static
../Core/Src/STM32 PLC/Flash.c:131:6:STM32_PLC_Flash_Get_ADC_Gains_For_SDADC_2	200	static
../Core/Src/STM32 PLC/Flash.c:139:6:STM32_PLC_Flash_Get_ADC_Gains_For_SDADC_3	200	static
../Core/Src/STM32 PLC/Flash.c:147:6:STM32_PLC_Flash_Get_PWM_Prescalers	200	static
../Core/Src/STM32 PLC/Flash.c:154:6:STM32_PLC_Flash_Get_Alarm_Enables	200	static
../Core/Src/STM32 PLC/Flash.c:162:6:STM32_PLC_Flash_Get_LCD_Calibration	208	static
../Core/Src/STM32 PLC/Flash.c:190:6:STM32_PLC_Flash_Get_J1939_This_ECU_Address	192	static
../Core/Src/STM32 PLC/Flash.c:196:6:STM32_PLC_Flash_Get_Analog_Input_Calibration	200	static
../Core/Src/STM32 PLC/Flash.c:215:6:STM32_PLC_Flash_Get_Encoder_Pulses	200	static
