../Core/Src/STM32 PLC/PWM.c:45:6:STM32_PLC_PWM_Set	0	static
../Core/Src/STM32 PLC/PWM.c:82:10:STM32_PLC_PWM_Get	0	static
../Core/Src/STM32 PLC/PWM.c:86:6:STM32_PLC_PWM_Reset	8	static
../Core/Src/STM32 PLC/PWM.c:14:6:STM32_PLC_PWM	24	static
../Core/Src/STM32 PLC/PWM.c:91:6:STM32_PLC_PWM0_To_PWM3_Set_Prescaler	0	static
../Core/Src/STM32 PLC/PWM.c:97:6:STM32_PLC_PWM4_To_PWM7_Set_Prescaler	0	static
../Core/Src/STM32 PLC/PWM.c:103:10:STM32_PLC_PWM0_To_PWM3_Get_Prescaler	0	static
../Core/Src/STM32 PLC/PWM.c:107:10:STM32_PLC_PWM4_To_PWM7_Get_Prescaler	0	static
