../Drivers/STM32F3xx_HAL_Driver/Src/stm32f3xx_hal_tim.c:7022:13:TIM_OC1_SetConfig	16	static
../Drivers/STM32F3xx_HAL_Driver/Src/stm32f3xx_hal_tim.c:375:13:HAL_TIM_Base_MspInit	0	static
../Drivers/STM32F3xx_HAL_Driver/Src/stm32f3xx_hal_tim.c:390:13:HAL_TIM_Base_MspDeInit	0	static
../Drivers/STM32F3xx_HAL_Driver/Src/stm32f3xx_hal_tim.c:332:19:HAL_TIM_Base_DeInit	8	static
../Drivers/STM32F3xx_HAL_Driver/Src/stm32f3xx_hal_tim.c:406:19:HAL_TIM_Base_Start	0	static
../Drivers/STM32F3xx_HAL_Driver/Src/stm32f3xx_hal_tim.c:445:19:HAL_TIM_Base_Stop	0	static
../Drivers/STM32F3xx_HAL_Driver/Src/stm32f3xx_hal_tim.c:465:19:HAL_TIM_Base_Start_IT	0	static
../Drivers/STM32F3xx_HAL_Driver/Src/stm32f3xx_hal_tim.c:507:19:HAL_TIM_Base_Stop_IT	0	static
../Drivers/STM32F3xx_HAL_Driver/Src/stm32f3xx_hal_tim.c:532:19:HAL_TIM_Base_Start_DMA	8	static
../Drivers/STM32F3xx_HAL_Driver/Src/stm32f3xx_hal_tim.c:601:19:HAL_TIM_Base_Stop_DMA	8	static
../Drivers/STM32F3xx_HAL_Driver/Src/stm32f3xx_hal_tim.c:758:13:HAL_TIM_OC_MspInit	0	static
../Drivers/STM32F3xx_HAL_Driver/Src/stm32f3xx_hal_tim.c:773:13:HAL_TIM_OC_MspDeInit	0	static
../Drivers/STM32F3xx_HAL_Driver/Src/stm32f3xx_hal_tim.c:715:19:HAL_TIM_OC_DeInit	8	static
../Drivers/STM32F3xx_HAL_Driver/Src/stm32f3xx_hal_tim.c:1427:13:HAL_TIM_PWM_MspInit	0	static
../Drivers/STM32F3xx_HAL_Driver/Src/stm32f3xx_hal_tim.c:1442:13:HAL_TIM_PWM_MspDeInit	0	static
../Drivers/STM32F3xx_HAL_Driver/Src/stm32f3xx_hal_tim.c:1384:19:HAL_TIM_PWM_DeInit	8	static
../Drivers/STM32F3xx_HAL_Driver/Src/stm32f3xx_hal_tim.c:2095:13:HAL_TIM_IC_MspInit	0	static
../Drivers/STM32F3xx_HAL_Driver/Src/stm32f3xx_hal_tim.c:2110:13:HAL_TIM_IC_MspDeInit	0	static
../Drivers/STM32F3xx_HAL_Driver/Src/stm32f3xx_hal_tim.c:2052:19:HAL_TIM_IC_DeInit	8	static
../Drivers/STM32F3xx_HAL_Driver/Src/stm32f3xx_hal_tim.c:2754:13:HAL_TIM_OnePulse_MspInit	0	static
../Drivers/STM32F3xx_HAL_Driver/Src/stm32f3xx_hal_tim.c:2769:13:HAL_TIM_OnePulse_MspDeInit	0	static
../Drivers/STM32F3xx_HAL_Driver/Src/stm32f3xx_hal_tim.c:2709:19:HAL_TIM_OnePulse_DeInit	8	static
../Drivers/STM32F3xx_HAL_Driver/Src/stm32f3xx_hal_tim.c:2789:19:HAL_TIM_OnePulse_Start	12	static
../Drivers/STM32F3xx_HAL_Driver/Src/stm32f3xx_hal_tim.c:2846:19:HAL_TIM_OnePulse_Stop	0	static
../Drivers/STM32F3xx_HAL_Driver/Src/stm32f3xx_hal_tim.c:2889:19:HAL_TIM_OnePulse_Start_IT	12	static
../Drivers/STM32F3xx_HAL_Driver/Src/stm32f3xx_hal_tim.c:2952:19:HAL_TIM_OnePulse_Stop_IT	0	static
../Drivers/STM32F3xx_HAL_Driver/Src/stm32f3xx_hal_tim.c:3190:13:HAL_TIM_Encoder_MspInit	0	static
../Drivers/STM32F3xx_HAL_Driver/Src/stm32f3xx_hal_tim.c:3205:13:HAL_TIM_Encoder_MspDeInit	0	static
../Drivers/STM32F3xx_HAL_Driver/Src/stm32f3xx_hal_tim.c:3145:19:HAL_TIM_Encoder_DeInit	8	static
../Drivers/STM32F3xx_HAL_Driver/Src/stm32f3xx_hal_tim.c:3225:19:HAL_TIM_Encoder_Start	12	static
../Drivers/STM32F3xx_HAL_Driver/Src/stm32f3xx_hal_tim.c:3319:19:HAL_TIM_Encoder_Stop	8	static
../Drivers/STM32F3xx_HAL_Driver/Src/stm32f3xx_hal_tim.c:3379:19:HAL_TIM_Encoder_Start_IT	12	static
../Drivers/STM32F3xx_HAL_Driver/Src/stm32f3xx_hal_tim.c:3479:19:HAL_TIM_Encoder_Stop_IT	8	static
../Drivers/STM32F3xx_HAL_Driver/Src/stm32f3xx_hal_tim.c:3544:19:HAL_TIM_Encoder_Start_DMA	32	static
../Drivers/STM32F3xx_HAL_Driver/Src/stm32f3xx_hal_tim.c:3757:19:HAL_TIM_Encoder_Stop_DMA	16	static
../Drivers/STM32F3xx_HAL_Driver/Src/stm32f3xx_hal_tim.c:4636:19:HAL_TIM_DMABurst_MultiWriteStart	24	static
../Drivers/STM32F3xx_HAL_Driver/Src/stm32f3xx_hal_tim.c:4577:19:HAL_TIM_DMABurst_WriteStart	24	static
../Drivers/STM32F3xx_HAL_Driver/Src/stm32f3xx_hal_tim.c:4820:19:HAL_TIM_DMABurst_WriteStop	16	static
../Drivers/STM32F3xx_HAL_Driver/Src/stm32f3xx_hal_tim.c:4984:19:HAL_TIM_DMABurst_MultiReadStart	24	static
../Drivers/STM32F3xx_HAL_Driver/Src/stm32f3xx_hal_tim.c:4926:19:HAL_TIM_DMABurst_ReadStart	24	static
../Drivers/STM32F3xx_HAL_Driver/Src/stm32f3xx_hal_tim.c:5168:19:HAL_TIM_DMABurst_ReadStop	0	static
../Drivers/STM32F3xx_HAL_Driver/Src/stm32f3xx_hal_tim.c:5252:19:HAL_TIM_GenerateEvent	0	static
../Drivers/STM32F3xx_HAL_Driver/Src/stm32f3xx_hal_tim.c:5625:19:HAL_TIM_ConfigTI1Input	0	static
../Drivers/STM32F3xx_HAL_Driver/Src/stm32f3xx_hal_tim.c:5740:10:HAL_TIM_ReadCapturedValue	0	static
../Drivers/STM32F3xx_HAL_Driver/Src/stm32f3xx_hal_tim.c:5824:13:HAL_TIM_PeriodElapsedCallback	0	static
../Drivers/STM32F3xx_HAL_Driver/Src/stm32f3xx_hal_tim.c:6899:13:TIM_DMAPeriodElapsedCplt	8	static
../Drivers/STM32F3xx_HAL_Driver/Src/stm32f3xx_hal_tim.c:5839:13:HAL_TIM_PeriodElapsedHalfCpltCallback	0	static
../Drivers/STM32F3xx_HAL_Driver/Src/stm32f3xx_hal_tim.c:6920:13:TIM_DMAPeriodElapsedHalfCplt	8	static
../Drivers/STM32F3xx_HAL_Driver/Src/stm32f3xx_hal_tim.c:5854:13:HAL_TIM_OC_DelayElapsedCallback	0	static
../Drivers/STM32F3xx_HAL_Driver/Src/stm32f3xx_hal_tim.c:5869:13:HAL_TIM_IC_CaptureCallback	0	static
../Drivers/STM32F3xx_HAL_Driver/Src/stm32f3xx_hal_tim.c:6797:6:TIM_DMACaptureCplt	8	static
../Drivers/STM32F3xx_HAL_Driver/Src/stm32f3xx_hal_tim.c:5884:13:HAL_TIM_IC_CaptureHalfCpltCallback	0	static
../Drivers/STM32F3xx_HAL_Driver/Src/stm32f3xx_hal_tim.c:6860:6:TIM_DMACaptureHalfCplt	8	static
../Drivers/STM32F3xx_HAL_Driver/Src/stm32f3xx_hal_tim.c:5899:13:HAL_TIM_PWM_PulseFinishedCallback	0	static
../Drivers/STM32F3xx_HAL_Driver/Src/stm32f3xx_hal_tim.c:6699:13:TIM_DMADelayPulseCplt	8	static
../Drivers/STM32F3xx_HAL_Driver/Src/stm32f3xx_hal_tim.c:5914:13:HAL_TIM_PWM_PulseFinishedHalfCpltCallback	0	static
../Drivers/STM32F3xx_HAL_Driver/Src/stm32f3xx_hal_tim.c:6758:6:TIM_DMADelayPulseHalfCplt	8	static
../Drivers/STM32F3xx_HAL_Driver/Src/stm32f3xx_hal_tim.c:5929:13:HAL_TIM_TriggerCallback	0	static
../Drivers/STM32F3xx_HAL_Driver/Src/stm32f3xx_hal_tim.c:3834:6:HAL_TIM_IRQHandler	8	static
../Drivers/STM32F3xx_HAL_Driver/Src/stm32f3xx_hal_tim.c:6936:13:TIM_DMATriggerCplt	8	static
../Drivers/STM32F3xx_HAL_Driver/Src/stm32f3xx_hal_tim.c:5944:13:HAL_TIM_TriggerHalfCpltCallback	0	static
../Drivers/STM32F3xx_HAL_Driver/Src/stm32f3xx_hal_tim.c:6957:13:TIM_DMATriggerHalfCplt	8	static
../Drivers/STM32F3xx_HAL_Driver/Src/stm32f3xx_hal_tim.c:5959:13:HAL_TIM_ErrorCallback	0	static
../Drivers/STM32F3xx_HAL_Driver/Src/stm32f3xx_hal_tim.c:6656:6:TIM_DMAError	8	static
../Drivers/STM32F3xx_HAL_Driver/Src/stm32f3xx_hal_tim.c:6536:22:HAL_TIM_Base_GetState	0	static
../Drivers/STM32F3xx_HAL_Driver/Src/stm32f3xx_hal_tim.c:6546:22:HAL_TIM_OC_GetState	0	static
../Drivers/STM32F3xx_HAL_Driver/Src/stm32f3xx_hal_tim.c:6556:22:HAL_TIM_PWM_GetState	0	static
../Drivers/STM32F3xx_HAL_Driver/Src/stm32f3xx_hal_tim.c:6566:22:HAL_TIM_IC_GetState	0	static
../Drivers/STM32F3xx_HAL_Driver/Src/stm32f3xx_hal_tim.c:6576:22:HAL_TIM_OnePulse_GetState	0	static
../Drivers/STM32F3xx_HAL_Driver/Src/stm32f3xx_hal_tim.c:6586:22:HAL_TIM_Encoder_GetState	0	static
../Drivers/STM32F3xx_HAL_Driver/Src/stm32f3xx_hal_tim.c:6596:23:HAL_TIM_GetActiveChannel	0	static
../Drivers/STM32F3xx_HAL_Driver/Src/stm32f3xx_hal_tim.c:6614:29:HAL_TIM_GetChannelState	0	static
../Drivers/STM32F3xx_HAL_Driver/Src/stm32f3xx_hal_tim.c:6631:30:HAL_TIM_DMABurstState	0	static
../Drivers/STM32F3xx_HAL_Driver/Src/stm32f3xx_hal_tim.c:6974:6:TIM_Base_SetConfig	0	static
../Drivers/STM32F3xx_HAL_Driver/Src/stm32f3xx_hal_tim.c:273:19:HAL_TIM_Base_Init	8	static
../Drivers/STM32F3xx_HAL_Driver/Src/stm32f3xx_hal_tim.c:656:19:HAL_TIM_OC_Init	8	static
../Drivers/STM32F3xx_HAL_Driver/Src/stm32f3xx_hal_tim.c:1325:19:HAL_TIM_PWM_Init	8	static
../Drivers/STM32F3xx_HAL_Driver/Src/stm32f3xx_hal_tim.c:1993:19:HAL_TIM_IC_Init	8	static
../Drivers/STM32F3xx_HAL_Driver/Src/stm32f3xx_hal_tim.c:2641:19:HAL_TIM_OnePulse_Init	16	static
../Drivers/STM32F3xx_HAL_Driver/Src/stm32f3xx_hal_tim.c:3031:19:HAL_TIM_Encoder_Init	24	static
../Drivers/STM32F3xx_HAL_Driver/Src/stm32f3xx_hal_tim.c:7097:6:TIM_OC2_SetConfig	16	static
../Drivers/STM32F3xx_HAL_Driver/Src/stm32f3xx_hal_tim.c:4067:19:HAL_TIM_OC_ConfigChannel	16	static
../Drivers/STM32F3xx_HAL_Driver/Src/stm32f3xx_hal_tim.c:4272:19:HAL_TIM_PWM_ConfigChannel	16	static
../Drivers/STM32F3xx_HAL_Driver/Src/stm32f3xx_hal_tim.c:7558:6:TIM_TI1_SetConfig	16	static
../Drivers/STM32F3xx_HAL_Driver/Src/stm32f3xx_hal_tim.c:4170:19:HAL_TIM_IC_ConfigChannel	24	static
../Drivers/STM32F3xx_HAL_Driver/Src/stm32f3xx_hal_tim.c:4424:19:HAL_TIM_OnePulse_ConfigChannel	48	static
../Drivers/STM32F3xx_HAL_Driver/Src/stm32f3xx_hal_tim.c:7852:6:TIM_ETR_SetConfig	8	static
../Drivers/STM32F3xx_HAL_Driver/Src/stm32f3xx_hal_tim.c:5292:19:HAL_TIM_ConfigOCrefClear	16	static
../Drivers/STM32F3xx_HAL_Driver/Src/stm32f3xx_hal_tim.c:5471:19:HAL_TIM_ConfigClockSource	16	static
../Drivers/STM32F3xx_HAL_Driver/Src/stm32f3xx_hal_tim.c:7424:26:TIM_SlaveTimer_SetConfig	16	static
../Drivers/STM32F3xx_HAL_Driver/Src/stm32f3xx_hal_tim.c:5657:19:HAL_TIM_SlaveConfigSynchro	16	static
../Drivers/STM32F3xx_HAL_Driver/Src/stm32f3xx_hal_tim.c:5697:19:HAL_TIM_SlaveConfigSynchro_IT	16	static
../Drivers/STM32F3xx_HAL_Driver/Src/stm32f3xx_hal_tim.c:7884:6:TIM_CCxChannelCmd	8	static
../Drivers/STM32F3xx_HAL_Driver/Src/stm32f3xx_hal_tim.c:797:19:HAL_TIM_OC_Start	8	static
../Drivers/STM32F3xx_HAL_Driver/Src/stm32f3xx_hal_tim.c:1466:19:HAL_TIM_PWM_Start	0	static
../Drivers/STM32F3xx_HAL_Driver/Src/stm32f3xx_hal_tim.c:854:19:HAL_TIM_OC_Stop	16	static
../Drivers/STM32F3xx_HAL_Driver/Src/stm32f3xx_hal_tim.c:1523:19:HAL_TIM_PWM_Stop	0	static
../Drivers/STM32F3xx_HAL_Driver/Src/stm32f3xx_hal_tim.c:889:19:HAL_TIM_OC_Start_IT	8	static
../Drivers/STM32F3xx_HAL_Driver/Src/stm32f3xx_hal_tim.c:1558:19:HAL_TIM_PWM_Start_IT	0	static
../Drivers/STM32F3xx_HAL_Driver/Src/stm32f3xx_hal_tim.c:982:19:HAL_TIM_OC_Stop_IT	16	static
../Drivers/STM32F3xx_HAL_Driver/Src/stm32f3xx_hal_tim.c:1651:19:HAL_TIM_PWM_Stop_IT	0	static
../Drivers/STM32F3xx_HAL_Driver/Src/stm32f3xx_hal_tim.c:1059:19:HAL_TIM_OC_Start_DMA	16	static
../Drivers/STM32F3xx_HAL_Driver/Src/stm32f3xx_hal_tim.c:1728:19:HAL_TIM_PWM_Start_DMA	0	static
../Drivers/STM32F3xx_HAL_Driver/Src/stm32f3xx_hal_tim.c:1222:19:HAL_TIM_OC_Stop_DMA	16	static
../Drivers/STM32F3xx_HAL_Driver/Src/stm32f3xx_hal_tim.c:1890:19:HAL_TIM_PWM_Stop_DMA	0	static
../Drivers/STM32F3xx_HAL_Driver/Src/stm32f3xx_hal_tim.c:2131:19:HAL_TIM_IC_Start	8	static
../Drivers/STM32F3xx_HAL_Driver/Src/stm32f3xx_hal_tim.c:2183:19:HAL_TIM_IC_Stop	16	static
../Drivers/STM32F3xx_HAL_Driver/Src/stm32f3xx_hal_tim.c:2213:19:HAL_TIM_IC_Start_IT	8	static
../Drivers/STM32F3xx_HAL_Driver/Src/stm32f3xx_hal_tim.c:2305:19:HAL_TIM_IC_Stop_IT	16	static
../Drivers/STM32F3xx_HAL_Driver/Src/stm32f3xx_hal_tim.c:2377:19:HAL_TIM_IC_Start_DMA	32	static
../Drivers/STM32F3xx_HAL_Driver/Src/stm32f3xx_hal_tim.c:2536:19:HAL_TIM_IC_Stop_DMA	16	static
