../Drivers/STM32F3xx_HAL_Driver/Src/stm32f3xx_hal_dac_ex.c:1068:13:DAC_DMAErrorCh1	8	static
../Drivers/STM32F3xx_HAL_Driver/Src/stm32f3xx_hal_dac_ex.c:1051:13:DAC_DMAHalfConvCpltCh1	0	static
../Drivers/STM32F3xx_HAL_Driver/Src/stm32f3xx_hal_dac_ex.c:1033:13:DAC_DMAConvCpltCh1	8	static
../Drivers/STM32F3xx_HAL_Driver/Src/stm32f3xx_hal_dac_ex.c:112:19:HAL_DAC_SetValue	16	static
../Drivers/STM32F3xx_HAL_Driver/Src/stm32f3xx_hal_dac_ex.c:170:19:HAL_DACEx_DualSetValue	0	static
../Drivers/STM32F3xx_HAL_Driver/Src/stm32f3xx_hal_dac_ex.c:242:19:HAL_DAC_Start	8	static
../Drivers/STM32F3xx_HAL_Driver/Src/stm32f3xx_hal_dac_ex.c:360:19:HAL_DAC_Start_DMA	24	static
../Drivers/STM32F3xx_HAL_Driver/Src/stm32f3xx_hal_dac_ex.c:574:10:HAL_DAC_GetValue	0	static
../Drivers/STM32F3xx_HAL_Driver/Src/stm32f3xx_hal_dac_ex.c:625:10:HAL_DACEx_DualGetValue	0	static
../Drivers/STM32F3xx_HAL_Driver/Src/stm32f3xx_hal_dac_ex.c:771:19:HAL_DAC_ConfigChannel	12	static
../Drivers/STM32F3xx_HAL_Driver/Src/stm32f3xx_hal_dac_ex.c:870:19:HAL_DACEx_TriangleWaveGenerate	12	static
../Drivers/STM32F3xx_HAL_Driver/Src/stm32f3xx_hal_dac_ex.c:919:19:HAL_DACEx_NoiseWaveGenerate	12	static
../Drivers/STM32F3xx_HAL_Driver/Src/stm32f3xx_hal_dac_ex.c:955:13:HAL_DACEx_ConvCpltCallbackCh2	0	static
../Drivers/STM32F3xx_HAL_Driver/Src/stm32f3xx_hal_dac_ex.c:1094:13:DAC_DMAConvCpltCh2	8	static
../Drivers/STM32F3xx_HAL_Driver/Src/stm32f3xx_hal_dac_ex.c:971:13:HAL_DACEx_ConvHalfCpltCallbackCh2	0	static
../Drivers/STM32F3xx_HAL_Driver/Src/stm32f3xx_hal_dac_ex.c:1112:13:DAC_DMAHalfConvCpltCh2	8	static
../Drivers/STM32F3xx_HAL_Driver/Src/stm32f3xx_hal_dac_ex.c:987:13:HAL_DACEx_ErrorCallbackCh2	0	static
../Drivers/STM32F3xx_HAL_Driver/Src/stm32f3xx_hal_dac_ex.c:1129:13:DAC_DMAErrorCh2	8	static
../Drivers/STM32F3xx_HAL_Driver/Src/stm32f3xx_hal_dac_ex.c:1003:13:HAL_DACEx_DMAUnderrunCallbackCh2	0	static
../Drivers/STM32F3xx_HAL_Driver/Src/stm32f3xx_hal_dac_ex.c:659:6:HAL_DAC_IRQHandler	8	static
