../Drivers/STM32F3xx_HAL_Driver/Src/stm32f3xx_hal_sdadc.c:2714:26:SDADC_EnterInitMode	16	static
../Drivers/STM32F3xx_HAL_Driver/Src/stm32f3xx_hal_sdadc.c:2740:13:SDADC_ExitInitMode.isra	0	static
../Drivers/STM32F3xx_HAL_Driver/Src/stm32f3xx_hal_sdadc.c:2941:26:SDADC_InjConvStop	24	static
../Drivers/STM32F3xx_HAL_Driver/Src/stm32f3xx_hal_sdadc.c:2817:26:SDADC_RegConvStop	24	static
../Drivers/STM32F3xx_HAL_Driver/Src/stm32f3xx_hal_sdadc.c:2888:26:SDADC_InjConvStart	8	static
../Drivers/STM32F3xx_HAL_Driver/Src/stm32f3xx_hal_sdadc.c:2774:26:SDADC_RegConvStart	8	static
../Drivers/STM32F3xx_HAL_Driver/Src/stm32f3xx_hal_sdadc.c:462:13:HAL_SDADC_MspInit	0	static
../Drivers/STM32F3xx_HAL_Driver/Src/stm32f3xx_hal_sdadc.c:320:19:HAL_SDADC_Init	8	static
../Drivers/STM32F3xx_HAL_Driver/Src/stm32f3xx_hal_sdadc.c:477:13:HAL_SDADC_MspDeInit	0	static
../Drivers/STM32F3xx_HAL_Driver/Src/stm32f3xx_hal_sdadc.c:413:19:HAL_SDADC_DeInit	16	static
../Drivers/STM32F3xx_HAL_Driver/Src/stm32f3xx_hal_sdadc.c:732:19:HAL_SDADC_PrepareChannelConfig	16	static
../Drivers/STM32F3xx_HAL_Driver/Src/stm32f3xx_hal_sdadc.c:792:19:HAL_SDADC_AssociateChannelConfig	24	static
../Drivers/STM32F3xx_HAL_Driver/Src/stm32f3xx_hal_sdadc.c:852:19:HAL_SDADC_ConfigChannel	12	static
../Drivers/STM32F3xx_HAL_Driver/Src/stm32f3xx_hal_sdadc.c:897:19:HAL_SDADC_InjectedConfigChannel	8	static
../Drivers/STM32F3xx_HAL_Driver/Src/stm32f3xx_hal_sdadc.c:945:19:HAL_SDADC_SelectRegularTrigger	0	static
../Drivers/STM32F3xx_HAL_Driver/Src/stm32f3xx_hal_sdadc.c:985:19:HAL_SDADC_SelectInjectedTrigger	0	static
../Drivers/STM32F3xx_HAL_Driver/Src/stm32f3xx_hal_sdadc.c:1025:19:HAL_SDADC_SelectInjectedExtTrigger	24	static
../Drivers/STM32F3xx_HAL_Driver/Src/stm32f3xx_hal_sdadc.c:1076:19:HAL_SDADC_SelectInjectedDelay	16	static
../Drivers/STM32F3xx_HAL_Driver/Src/stm32f3xx_hal_sdadc.c:1122:19:HAL_SDADC_MultiModeConfigChannel	0	static
../Drivers/STM32F3xx_HAL_Driver/Src/stm32f3xx_hal_sdadc.c:1161:19:HAL_SDADC_InjectedMultiModeConfigChannel	0	static
../Drivers/STM32F3xx_HAL_Driver/Src/stm32f3xx_hal_sdadc.c:1234:19:HAL_SDADC_CalibrationStart	16	static
../Drivers/STM32F3xx_HAL_Driver/Src/stm32f3xx_hal_sdadc.c:1284:19:HAL_SDADC_PollForCalibEvent	16	static
../Drivers/STM32F3xx_HAL_Driver/Src/stm32f3xx_hal_sdadc.c:1335:19:HAL_SDADC_CalibrationStart_IT	16	static
../Drivers/STM32F3xx_HAL_Driver/Src/stm32f3xx_hal_sdadc.c:1388:19:HAL_SDADC_Start	0	static
../Drivers/STM32F3xx_HAL_Driver/Src/stm32f3xx_hal_sdadc.c:1481:19:HAL_SDADC_Stop	0	static
../Drivers/STM32F3xx_HAL_Driver/Src/stm32f3xx_hal_sdadc.c:1511:19:HAL_SDADC_Start_IT	0	static
../Drivers/STM32F3xx_HAL_Driver/Src/stm32f3xx_hal_sdadc.c:1542:19:HAL_SDADC_Stop_IT	0	static
../Drivers/STM32F3xx_HAL_Driver/Src/stm32f3xx_hal_sdadc.c:1577:19:HAL_SDADC_Start_DMA	16	static
../Drivers/STM32F3xx_HAL_Driver/Src/stm32f3xx_hal_sdadc.c:1649:19:HAL_SDADC_Stop_DMA	8	static
../Drivers/STM32F3xx_HAL_Driver/Src/stm32f3xx_hal_sdadc.c:1690:10:HAL_SDADC_GetValue	0	static
../Drivers/STM32F3xx_HAL_Driver/Src/stm32f3xx_hal_sdadc.c:1706:19:HAL_SDADC_InjectedStart	0	static
../Drivers/STM32F3xx_HAL_Driver/Src/stm32f3xx_hal_sdadc.c:1810:19:HAL_SDADC_InjectedStop	0	static
../Drivers/STM32F3xx_HAL_Driver/Src/stm32f3xx_hal_sdadc.c:1840:19:HAL_SDADC_InjectedStart_IT	0	static
../Drivers/STM32F3xx_HAL_Driver/Src/stm32f3xx_hal_sdadc.c:1871:19:HAL_SDADC_InjectedStop_IT	0	static
../Drivers/STM32F3xx_HAL_Driver/Src/stm32f3xx_hal_sdadc.c:1906:19:HAL_SDADC_InjectedStart_DMA	16	static
../Drivers/STM32F3xx_HAL_Driver/Src/stm32f3xx_hal_sdadc.c:1978:19:HAL_SDADC_InjectedStop_DMA	8	static
../Drivers/STM32F3xx_HAL_Driver/Src/stm32f3xx_hal_sdadc.c:2020:10:HAL_SDADC_InjectedGetValue	0	static
../Drivers/STM32F3xx_HAL_Driver/Src/stm32f3xx_hal_sdadc.c:2046:19:HAL_SDADC_MultiModeStart_DMA	16	static
../Drivers/STM32F3xx_HAL_Driver/Src/stm32f3xx_hal_sdadc.c:2131:19:HAL_SDADC_MultiModeStop_DMA	8	static
../Drivers/STM32F3xx_HAL_Driver/Src/stm32f3xx_hal_sdadc.c:2177:10:HAL_SDADC_MultiModeGetValue	0	static
../Drivers/STM32F3xx_HAL_Driver/Src/stm32f3xx_hal_sdadc.c:2202:19:HAL_SDADC_InjectedMultiModeStart_DMA	16	static
../Drivers/STM32F3xx_HAL_Driver/Src/stm32f3xx_hal_sdadc.c:2287:19:HAL_SDADC_InjectedMultiModeStop_DMA	8	static
../Drivers/STM32F3xx_HAL_Driver/Src/stm32f3xx_hal_sdadc.c:2333:10:HAL_SDADC_InjectedMultiModeGetValue	0	static
../Drivers/STM32F3xx_HAL_Driver/Src/stm32f3xx_hal_sdadc.c:2480:13:HAL_SDADC_CalibrationCpltCallback	0	static
../Drivers/STM32F3xx_HAL_Driver/Src/stm32f3xx_hal_sdadc.c:2495:13:HAL_SDADC_ConvHalfCpltCallback	0	static
../Drivers/STM32F3xx_HAL_Driver/Src/stm32f3xx_hal_sdadc.c:2574:13:SDADC_DMARegularHalfConvCplt	8	static
../Drivers/STM32F3xx_HAL_Driver/Src/stm32f3xx_hal_sdadc.c:2512:13:HAL_SDADC_ConvCpltCallback	0	static
../Drivers/STM32F3xx_HAL_Driver/Src/stm32f3xx_hal_sdadc.c:2592:13:SDADC_DMARegularConvCplt	8	static
../Drivers/STM32F3xx_HAL_Driver/Src/stm32f3xx_hal_sdadc.c:2527:13:HAL_SDADC_InjectedConvHalfCpltCallback	0	static
../Drivers/STM32F3xx_HAL_Driver/Src/stm32f3xx_hal_sdadc.c:2610:13:SDADC_DMAInjectedHalfConvCplt	8	static
../Drivers/STM32F3xx_HAL_Driver/Src/stm32f3xx_hal_sdadc.c:2544:13:HAL_SDADC_InjectedConvCpltCallback	0	static
../Drivers/STM32F3xx_HAL_Driver/Src/stm32f3xx_hal_sdadc.c:2628:13:SDADC_DMAInjectedConvCplt	8	static
../Drivers/STM32F3xx_HAL_Driver/Src/stm32f3xx_hal_sdadc.c:2559:13:HAL_SDADC_ErrorCallback	0	static
../Drivers/STM32F3xx_HAL_Driver/Src/stm32f3xx_hal_sdadc.c:1417:19:HAL_SDADC_PollForConversion	16	static
../Drivers/STM32F3xx_HAL_Driver/Src/stm32f3xx_hal_sdadc.c:2646:13:SDADC_DMAError	8	static
../Drivers/STM32F3xx_HAL_Driver/Src/stm32f3xx_hal_sdadc.c:1735:19:HAL_SDADC_PollForInjectedConversion	16	static
../Drivers/STM32F3xx_HAL_Driver/Src/stm32f3xx_hal_sdadc.c:2354:6:HAL_SDADC_IRQHandler	8	static
../Drivers/STM32F3xx_HAL_Driver/Src/stm32f3xx_hal_sdadc.c:2686:24:HAL_SDADC_GetState	0	static
../Drivers/STM32F3xx_HAL_Driver/Src/stm32f3xx_hal_sdadc.c:2696:10:HAL_SDADC_GetError	0	static
