../Drivers/STM32F3xx_HAL_Driver/Src/stm32f3xx_hal_tim_ex.c:2529:13:TIM_CCxNChannelCmd	8	static
../Drivers/STM32F3xx_HAL_Driver/Src/stm32f3xx_hal_tim_ex.c:2484:13:TIM_DMAErrorCCxN	8	static
../Drivers/STM32F3xx_HAL_Driver/Src/stm32f3xx_hal_tim_ex.c:2425:13:TIM_DMADelayPulseNCplt	8	static
../Drivers/STM32F3xx_HAL_Driver/Src/stm32f3xx_hal_tim_ex.c:286:13:HAL_TIMEx_HallSensor_MspInit	0	static
../Drivers/STM32F3xx_HAL_Driver/Src/stm32f3xx_hal_tim_ex.c:140:19:HAL_TIMEx_HallSensor_Init	48	static
../Drivers/STM32F3xx_HAL_Driver/Src/stm32f3xx_hal_tim_ex.c:301:13:HAL_TIMEx_HallSensor_MspDeInit	0	static
../Drivers/STM32F3xx_HAL_Driver/Src/stm32f3xx_hal_tim_ex.c:241:19:HAL_TIMEx_HallSensor_DeInit	8	static
../Drivers/STM32F3xx_HAL_Driver/Src/stm32f3xx_hal_tim_ex.c:316:19:HAL_TIMEx_HallSensor_Start	16	static
../Drivers/STM32F3xx_HAL_Driver/Src/stm32f3xx_hal_tim_ex.c:370:19:HAL_TIMEx_HallSensor_Stop	8	static
../Drivers/STM32F3xx_HAL_Driver/Src/stm32f3xx_hal_tim_ex.c:398:19:HAL_TIMEx_HallSensor_Start_IT	16	static
../Drivers/STM32F3xx_HAL_Driver/Src/stm32f3xx_hal_tim_ex.c:455:19:HAL_TIMEx_HallSensor_Stop_IT	8	static
../Drivers/STM32F3xx_HAL_Driver/Src/stm32f3xx_hal_tim_ex.c:488:19:HAL_TIMEx_HallSensor_Start_DMA	24	static
../Drivers/STM32F3xx_HAL_Driver/Src/stm32f3xx_hal_tim_ex.c:564:19:HAL_TIMEx_HallSensor_Stop_DMA	8	static
../Drivers/STM32F3xx_HAL_Driver/Src/stm32f3xx_hal_tim_ex.c:626:19:HAL_TIMEx_OCN_Start	8	static
../Drivers/STM32F3xx_HAL_Driver/Src/stm32f3xx_hal_tim_ex.c:677:19:HAL_TIMEx_OCN_Stop	16	static
../Drivers/STM32F3xx_HAL_Driver/Src/stm32f3xx_hal_tim_ex.c:709:19:HAL_TIMEx_OCN_Start_IT	8	static
../Drivers/STM32F3xx_HAL_Driver/Src/stm32f3xx_hal_tim_ex.c:796:19:HAL_TIMEx_OCN_Stop_IT	16	static
../Drivers/STM32F3xx_HAL_Driver/Src/stm32f3xx_hal_tim_ex.c:871:19:HAL_TIMEx_OCN_Start_DMA	16	static
../Drivers/STM32F3xx_HAL_Driver/Src/stm32f3xx_hal_tim_ex.c:1008:19:HAL_TIMEx_OCN_Stop_DMA	16	static
../Drivers/STM32F3xx_HAL_Driver/Src/stm32f3xx_hal_tim_ex.c:1109:19:HAL_TIMEx_PWMN_Start	0	static
../Drivers/STM32F3xx_HAL_Driver/Src/stm32f3xx_hal_tim_ex.c:1159:19:HAL_TIMEx_PWMN_Stop	0	static
../Drivers/STM32F3xx_HAL_Driver/Src/stm32f3xx_hal_tim_ex.c:1191:19:HAL_TIMEx_PWMN_Start_IT	0	static
../Drivers/STM32F3xx_HAL_Driver/Src/stm32f3xx_hal_tim_ex.c:1277:19:HAL_TIMEx_PWMN_Stop_IT	0	static
../Drivers/STM32F3xx_HAL_Driver/Src/stm32f3xx_hal_tim_ex.c:1352:19:HAL_TIMEx_PWMN_Start_DMA	0	static
../Drivers/STM32F3xx_HAL_Driver/Src/stm32f3xx_hal_tim_ex.c:1489:19:HAL_TIMEx_PWMN_Stop_DMA	0	static
../Drivers/STM32F3xx_HAL_Driver/Src/stm32f3xx_hal_tim_ex.c:1580:19:HAL_TIMEx_OnePulseN_Start	24	static
../Drivers/STM32F3xx_HAL_Driver/Src/stm32f3xx_hal_tim_ex.c:1629:19:HAL_TIMEx_OnePulseN_Stop	16	static
../Drivers/STM32F3xx_HAL_Driver/Src/stm32f3xx_hal_tim_ex.c:1668:19:HAL_TIMEx_OnePulseN_Start_IT	24	static
../Drivers/STM32F3xx_HAL_Driver/Src/stm32f3xx_hal_tim_ex.c:1723:19:HAL_TIMEx_OnePulseN_Stop_IT	16	static
../Drivers/STM32F3xx_HAL_Driver/Src/stm32f3xx_hal_tim_ex.c:1803:19:HAL_TIMEx_ConfigCommutEvent	8	static
../Drivers/STM32F3xx_HAL_Driver/Src/stm32f3xx_hal_tim_ex.c:1859:19:HAL_TIMEx_ConfigCommutEvent_IT	8	static
../Drivers/STM32F3xx_HAL_Driver/Src/stm32f3xx_hal_tim_ex.c:1916:19:HAL_TIMEx_ConfigCommutEvent_DMA	8	static
../Drivers/STM32F3xx_HAL_Driver/Src/stm32f3xx_hal_tim_ex.c:1965:19:HAL_TIMEx_MasterConfigSynchronization	12	static
../Drivers/STM32F3xx_HAL_Driver/Src/stm32f3xx_hal_tim_ex.c:2040:19:HAL_TIMEx_ConfigBreakDeadTime	0	static
../Drivers/STM32F3xx_HAL_Driver/Src/stm32f3xx_hal_tim_ex.c:2185:19:HAL_TIMEx_RemapConfig	0	static
../Drivers/STM32F3xx_HAL_Driver/Src/stm32f3xx_hal_tim_ex.c:2263:13:HAL_TIMEx_CommutCallback	0	static
../Drivers/STM32F3xx_HAL_Driver/Src/stm32f3xx_hal_tim_ex.c:2386:6:TIMEx_DMACommutationCplt	8	static
../Drivers/STM32F3xx_HAL_Driver/Src/stm32f3xx_hal_tim_ex.c:2277:13:HAL_TIMEx_CommutHalfCpltCallback	0	static
../Drivers/STM32F3xx_HAL_Driver/Src/stm32f3xx_hal_tim_ex.c:2405:6:TIMEx_DMACommutationHalfCplt	8	static
../Drivers/STM32F3xx_HAL_Driver/Src/stm32f3xx_hal_tim_ex.c:2292:13:HAL_TIMEx_BreakCallback	0	static
../Drivers/STM32F3xx_HAL_Driver/Src/stm32f3xx_hal_tim_ex.c:2342:22:HAL_TIMEx_HallSensor_GetState	0	static
../Drivers/STM32F3xx_HAL_Driver/Src/stm32f3xx_hal_tim_ex.c:2357:29:HAL_TIMEx_GetChannelNState	0	static
