../Core/Src/STM32 PLC/Open SAE J1939/ISO_11783/ISO_11783-7_Application_Layer/Auxiliary_Valve_Measured_Position.c:16:25:ISO_11783_Send_Request_Auxiliary_Valve_Measured_Position	0	static
../Core/Src/STM32 PLC/Open SAE J1939/ISO_11783/ISO_11783-7_Application_Layer/Auxiliary_Valve_Measured_Position.c:24:25:ISO_11783_Response_Request_Auxiliary_Valve_Measured_Position	16	static
../Core/Src/STM32 PLC/Open SAE J1939/ISO_11783/ISO_11783-7_Application_Layer/Auxiliary_Valve_Measured_Position.c:40:6:ISO_11783_Read_Response_Request_Auxiliary_Valve_Measured_Position	8	static
