ili9341_gfx.c:481:23:ili9341_clip_rect	20	static
ili9341_gfx.c:57:21:ili9341_rgb_wheel	0	static
ili9341_gfx.c:81:17:ili9341_color_wheel	16	static
ili9341_gfx.c:86:6:ili9341_spi_tft_set_address_rect	40	static
ili9341_gfx.c:106:6:ili9341_transmit_wait	8	static
ili9341_gfx.c:116:6:ili9341_transmit_color	16	static
ili9341_gfx.c:129:6:ili9341_draw_pixel	40	static
ili9341_gfx.c:248:6:ili9341_fill_rect	40	static
ili9341_gfx.c:149:6:ili9341_draw_line	56	static
ili9341_gfx.c:223:6:ili9341_draw_rect	40	static
ili9341_gfx.c:231:6:ili9341_draw_fast_H_line	16	static
ili9341_gfx.c:235:6:ili9341_draw_fast_V_line	16	static
ili9341_gfx.c:239:6:ili9341_hollow_rect	48	static
ili9341_gfx.c:292:6:ili9341_draw_circle	64	static
ili9341_gfx.c:328:6:ili9341_fill_circle	72	static
ili9341_gfx.c:334:6:ili9341_fill_screen	16	static
ili9341_gfx.c:339:6:ili9341_draw_bitmap_1b	72	static
ili9341_gfx.c:390:6:ili9341_draw_char	80	static
ili9341_gfx.c:451:6:ili9341_draw_string	56	static
